Archive member included to satisfy reference by file (symbol)

D:/MCUXpresso/MCUXpressoIDE_24.12.148/ide/plugins/com.nxp.mcuxpresso.tools.win32_24.12.0.202407110909/tools/bin/../lib/gcc/arm-none-eabi/13.2.1/../../../../arm-none-eabi/lib/thumb/v8-m.main/nofp\libcr_nohost_nf.a(_cr__main.o)
                              ./startup/startup_mcxa153.o (__main)
D:/MCUXpresso/MCUXpressoIDE_24.12.148/ide/plugins/com.nxp.mcuxpresso.tools.win32_24.12.0.202407110909/tools/bin/../lib/gcc/arm-none-eabi/13.2.1/../../../../arm-none-eabi/lib/thumb/v8-m.main/nofp\libcr_c.a(memset.o)
                              ./drivers/fsl_lpuart.o (memset)
D:/MCUXpresso/MCUXpressoIDE_24.12.148/ide/plugins/com.nxp.mcuxpresso.tools.win32_24.12.0.202407110909/tools/bin/../lib/gcc/arm-none-eabi/13.2.1/../../../../arm-none-eabi/lib/thumb/v8-m.main/nofp\libcr_c.a(alloc.o)
                              ./drivers/fsl_common.o (malloc)
D:/MCUXpresso/MCUXpressoIDE_24.12.148/ide/plugins/com.nxp.mcuxpresso.tools.win32_24.12.0.202407110909/tools/bin/../lib/gcc/arm-none-eabi/13.2.1/../../../../arm-none-eabi/lib/thumb/v8-m.main/nofp\libcr_c.a(errno.o)
                              ./utilities/str/fsl_str.o (errno)
D:/MCUXpresso/MCUXpressoIDE_24.12.148/ide/plugins/com.nxp.mcuxpresso.tools.win32_24.12.0.202407110909/tools/bin/../lib/gcc/arm-none-eabi/13.2.1/../../../../arm-none-eabi/lib/thumb/v8-m.main/nofp\libcr_c.a(initio.o)
                              D:/MCUXpresso/MCUXpressoIDE_24.12.148/ide/plugins/com.nxp.mcuxpresso.tools.win32_24.12.0.202407110909/tools/bin/../lib/gcc/arm-none-eabi/13.2.1/../../../../arm-none-eabi/lib/thumb/v8-m.main/nofp\libcr_nohost_nf.a(_cr__main.o) (_initio)
D:/MCUXpresso/MCUXpressoIDE_24.12.148/ide/plugins/com.nxp.mcuxpresso.tools.win32_24.12.0.202407110909/tools/bin/../lib/gcc/arm-none-eabi/13.2.1/../../../../arm-none-eabi/lib/thumb/v8-m.main/nofp\libcr_c.a(scanf.o)
                              ./utilities/str/fsl_str.o (strtoul)
D:/MCUXpresso/MCUXpressoIDE_24.12.148/ide/plugins/com.nxp.mcuxpresso.tools.win32_24.12.0.202407110909/tools/bin/../lib/gcc/arm-none-eabi/13.2.1/../../../../arm-none-eabi/lib/thumb/v8-m.main/nofp\libcr_c.a(setvbuf.o)
                              D:/MCUXpresso/MCUXpressoIDE_24.12.148/ide/plugins/com.nxp.mcuxpresso.tools.win32_24.12.0.202407110909/tools/bin/../lib/gcc/arm-none-eabi/13.2.1/../../../../arm-none-eabi/lib/thumb/v8-m.main/nofp\libcr_c.a(initio.o) (setvbuf)
D:/MCUXpresso/MCUXpressoIDE_24.12.148/ide/plugins/com.nxp.mcuxpresso.tools.win32_24.12.0.202407110909/tools/bin/../lib/gcc/arm-none-eabi/13.2.1/../../../../arm-none-eabi/lib/thumb/v8-m.main/nofp\libcr_c.a(strlen.o)
                              ./utilities/str/fsl_str.o (strlen)
D:/MCUXpresso/MCUXpressoIDE_24.12.148/ide/plugins/com.nxp.mcuxpresso.tools.win32_24.12.0.202407110909/tools/bin/../lib/gcc/arm-none-eabi/13.2.1/../../../../arm-none-eabi/lib/thumb/v8-m.main/nofp\libcr_c.a(ungetc.o)
                              D:/MCUXpresso/MCUXpressoIDE_24.12.148/ide/plugins/com.nxp.mcuxpresso.tools.win32_24.12.0.202407110909/tools/bin/../lib/gcc/arm-none-eabi/13.2.1/../../../../arm-none-eabi/lib/thumb/v8-m.main/nofp\libcr_c.a(scanf.o) (ungetc)
D:/MCUXpresso/MCUXpressoIDE_24.12.148/ide/plugins/com.nxp.mcuxpresso.tools.win32_24.12.0.202407110909/tools/bin/../lib/gcc/arm-none-eabi/13.2.1/../../../../arm-none-eabi/lib/thumb/v8-m.main/nofp\libcr_c.a(__fillbuf.o)
                              D:/MCUXpresso/MCUXpressoIDE_24.12.148/ide/plugins/com.nxp.mcuxpresso.tools.win32_24.12.0.202407110909/tools/bin/../lib/gcc/arm-none-eabi/13.2.1/../../../../arm-none-eabi/lib/thumb/v8-m.main/nofp\libcr_c.a(scanf.o) (__filbuf)
D:/MCUXpresso/MCUXpressoIDE_24.12.148/ide/plugins/com.nxp.mcuxpresso.tools.win32_24.12.0.202407110909/tools/bin/../lib/gcc/arm-none-eabi/13.2.1/../../../../arm-none-eabi/lib/thumb/v8-m.main/nofp\libcr_c.a(__init_alloc.o)
                              D:/MCUXpresso/MCUXpressoIDE_24.12.148/ide/plugins/com.nxp.mcuxpresso.tools.win32_24.12.0.202407110909/tools/bin/../lib/gcc/arm-none-eabi/13.2.1/../../../../arm-none-eabi/lib/thumb/v8-m.main/nofp\libcr_c.a(alloc.o) (__heaps)
D:/MCUXpresso/MCUXpressoIDE_24.12.148/ide/plugins/com.nxp.mcuxpresso.tools.win32_24.12.0.202407110909/tools/bin/../lib/gcc/arm-none-eabi/13.2.1/../../../../arm-none-eabi/lib/thumb/v8-m.main/nofp\libcr_c.a(_cr_sbrk.o)
                              D:/MCUXpresso/MCUXpressoIDE_24.12.148/ide/plugins/com.nxp.mcuxpresso.tools.win32_24.12.0.202407110909/tools/bin/../lib/gcc/arm-none-eabi/13.2.1/../../../../arm-none-eabi/lib/thumb/v8-m.main/nofp\libcr_c.a(alloc.o) (_sbrk)
D:/MCUXpresso/MCUXpressoIDE_24.12.148/ide/plugins/com.nxp.mcuxpresso.tools.win32_24.12.0.202407110909/tools/bin/../lib/gcc/arm-none-eabi/13.2.1/../../../../arm-none-eabi/lib/thumb/v8-m.main/nofp\libcr_c.a(_deferredlazyseek.o)
[...]
Memory Configuration

Name             Origin             Length             Attributes
PROGRAM_FLASH    0x00000000         0x00020000         xr
SRAM             0x20000000         0x00006000         xrw
SRAMX0           0x04000000         0x00002000         xrw
SRAMX1           0x04002000         0x00001000         xrw
*default*        0x00000000         0xffffffff

Linker script and memory map

LOAD ./utilities/str/fsl_str.o
LOAD ./utilities/debug_console_lite/fsl_debug_console.o
LOAD ./utilities/fsl_assert.o
LOAD ./utilities/fsl_memcpy.o
LOAD ./startup/startup_mcxa153.o
LOAD ./source/gpio_input_interrupt.o
LOAD ./source/semihost_hardfault.o
LOAD ./drivers/fsl_clock.o
LOAD ./drivers/fsl_common.o
LOAD ./drivers/fsl_common_arm.o
LOAD ./drivers/fsl_gpio.o
LOAD ./drivers/fsl_inputmux.o
LOAD ./drivers/fsl_lpuart.o
LOAD ./drivers/fsl_reset.o
LOAD ./drivers/fsl_spc.o
LOAD ./device/system_MCXA153.o
LOAD ./component/uart/fsl_adapter_lpuart.o
LOAD ./board/board.o
LOAD ./board/clock_config.o
LOAD ./board/hardware_init.o
LOAD ./board/pin_mux.o
START GROUP
LOAD D:/MCUXpresso/MCUXpressoIDE_24.12.148/ide/plugins/com.nxp.mcuxpresso.tools.win32_24.12.0.202407110909/tools/bin/../lib/gcc/arm-none-eabi/13.2.1/../../../../arm-none-eabi/lib/thumb/v8-m.main/nofp\libcr_nohost_nf.a
LOAD D:/MCUXpresso/MCUXpressoIDE_24.12.148/ide/plugins/com.nxp.mcuxpresso.tools.win32_24.12.0.202407110909/tools/bin/../lib/gcc/arm-none-eabi/13.2.1/../../../../arm-none-eabi/lib/thumb/v8-m.main/nofp\libcr_c.a
LOAD D:/MCUXpresso/MCUXpressoIDE_24.12.148/ide/plugins/com.nxp.mcuxpresso.tools.win32_24.12.0.202407110909/tools/bin/../lib/gcc/arm-none-eabi/13.2.1/thumb/v8-m.main/nofp\libcr_eabihelpers.a
LOAD D:/MCUXpresso/MCUXpressoIDE_24.12.148/ide/plugins/com.nxp.mcuxpresso.tools.win32_24.12.0.202407110909/tools/bin/../lib/gcc/arm-none-eabi/13.2.1/thumb/v8-m.main/nofp\libgcc.a
END GROUP
                0x00000000                        __base_PROGRAM_FLASH = 0x0
                0x00000000                        __base_Flash = 0x0
                0x00020000                        __top_PROGRAM_FLASH = 0x20000
                0x00020000                        __top_Flash = 0x20000
                0x20000000                        __base_SRAM = 0x20000000
                0x20000000                        __base_RAM = 0x20000000
                0x20006000                        __top_SRAM = 0x20006000
                0x20006000                        __top_RAM = 0x20006000
                0x04000000                        __base_SRAMX0 = 0x4000000
                0x04000000                        __base_RAM2 = 0x4000000
                0x04002000                        __top_SRAMX0 = 0x4002000
                0x04002000                        __top_RAM2 = 0x4002000
                0x04002000                        __base_SRAMX1 = 0x4002000
                0x04002000                        __base_RAM3 = 0x4002000
                0x04003000                        __top_SRAMX1 = 0x4003000
                0x04003000                        __top_RAM3 = 0x4003000

.text           0x00000000     0x3670
 FILL mask 0xff
                0x00000000                        __vectors_start__ = ABSOLUTE (.)
 *(SORT_BY_ALIGNMENT(.isr_vector))
 .isr_vector    0x00000000      0x16c ./startup/startup_mcxa153.o
                0x00000000                g_pfnVectors
                0x00000000                __Vectors
                0x0000016c                        . = ALIGN (0x4)
                0x0000016c                        __section_table_start = .
                0x0000016c                        __data_section_table = .
                0x0000016c        0x4 LONG 0x3670 LOADADDR (.data)
                0x00000170        0x4 LONG 0x20000000 ADDR (.data)
                0x00000174        0x4 LONG 0x8 SIZEOF (.data)
                0x00000178        0x4 LONG 0x3670 LOADADDR (.data_RAM2)
                0x0000017c        0x4 LONG 0x4000000 ADDR (.data_RAM2)
                0x00000180        0x4 LONG 0x0 SIZEOF (.data_RAM2)
                0x00000184        0x4 LONG 0x3670 LOADADDR (.data_RAM3)
                0x00000188        0x4 LONG 0x4002000 ADDR (.data_RAM3)
                0x0000018c        0x4 LONG 0x0 SIZEOF (.data_RAM3)
                0x00000190                        __data_section_table_end = .
                0x00000190                        __bss_section_table = .
                0x00000190        0x4 LONG 0x20000008 ADDR (.bss)
                0x00000194        0x4 LONG 0xec SIZEOF (.bss)
                0x00000198        0x4 LONG 0x4000000 ADDR (.bss_RAM2)
                0x0000019c        0x4 LONG 0x0 SIZEOF (.bss_RAM2)
                0x000001a0        0x4 LONG 0x4002000 ADDR (.bss_RAM3)
                0x000001a4        0x4 LONG 0x0 SIZEOF (.bss_RAM3)
                0x000001a8                        __bss_section_table_end = .
                0x000001a8                        __section_table_end = .
 *(SORT_BY_ALIGNMENT(.after_vectors*))
 .after_vectors.reset
                0x000001a8       0x68 ./startup/startup_mcxa153.o
                0x000001a8                ResetISR
 .after_vectors.init_data
                0x00000210       0x1c ./startup/startup_mcxa153.o
                0x00000210                data_init
 .after_vectors.init_bss
                0x0000022c       0x12 ./startup/startup_mcxa153.o
                0x0000022c                bss_init
 .after_vectors
                0x0000023e       0x16 ./startup/startup_mcxa153.o
                0x0000023e                NMI_Handler
                0x00000242                MemManage_Handler
                0x00000244                BusFault_Handler
                0x00000246                UsageFault_Handler
                0x00000248                SecureFault_Handler
                0x0000024a                SVC_Handler
                0x0000024c                DebugMon_Handler
                0x0000024e                PendSV_Handler
                0x00000252                LPTMR0_DriverIRQHandler
                0x00000252                FLEXPWM0_SUBMODULE1_DriverIRQHandler
                0x00000252                MBC0_DriverIRQHandler
                0x00000252                WAKETIMER0_DriverIRQHandler
                0x00000252                I3C0_DriverIRQHandler
                0x00000252                LPI2C0_DriverIRQHandler
                0x00000252                FLEXPWM0_RELOAD_ERROR_DriverIRQHandler
                0x00000252                QDC0_HOME_DriverIRQHandler
                0x00000252                Reserved82_DriverIRQHandler
                0x00000252                QDC0_WATCHDOG_DriverIRQHandler
                0x00000252                ERM0_MULTI_BIT_DriverIRQHandler
                0x00000252                Reserved36_DriverIRQHandler
                0x00000252                CTIMER2_DriverIRQHandler
                0x00000252                Reserved33_DriverIRQHandler
                0x00000252                CMP1_DriverIRQHandler
                0x00000252                IntDefaultHandler
                0x00000252                USB0_DriverIRQHandler
                0x00000252                QDC0_INDEX_DriverIRQHandler
                0x00000252                UTICK0_DriverIRQHandler
                0x00000252                Reserved41_DriverIRQHandler
                0x00000252                Reserved39_DriverIRQHandler
                0x00000252                WWDT0_DriverIRQHandler
                0x00000252                Reserved84_DriverIRQHandler
                0x00000252                FLEXPWM0_FAULT_DriverIRQHandler
                0x00000252                GPIO0_DriverIRQHandler
                0x00000252                Reserved38_DriverIRQHandler
                0x00000252                FREQME0_DriverIRQHandler
                0x00000252                Reserved22_DriverIRQHandler
                0x00000252                Reserved53_DriverIRQHandler
                0x00000252                Reserved35_DriverIRQHandler
                0x00000252                CTIMER0_DriverIRQHandler
                0x00000252                Reserved79_DriverIRQHandler
                0x00000252                Reserved24_DriverIRQHandler
                0x00000252                CTIMER1_DriverIRQHandler
                0x00000252                QDC0_COMPARE_DriverIRQHandler
                0x00000252                WUU0_DriverIRQHandler
                0x00000252                LPSPI0_DriverIRQHandler
                0x00000252                DMA_CH3_DriverIRQHandler
                0x00000252                Reserved83_DriverIRQHandler
                0x00000252                Reserved72_DriverIRQHandler
                0x00000252                Reserved23_DriverIRQHandler
                0x00000252                Reserved65_DriverIRQHandler
                0x00000252                ERM0_SINGLE_BIT_DriverIRQHandler
                0x00000252                DMA_CH2_DriverIRQHandler
                0x00000252                CMC_DriverIRQHandler
                0x00000252                Reserved51_DriverIRQHandler
                0x00000252                Reserved25_DriverIRQHandler
                0x00000252                FLEXPWM0_SUBMODULE2_DriverIRQHandler
                0x00000252                FMU0_DriverIRQHandler
                0x00000252                LPSPI1_DriverIRQHandler
                0x00000252                Reserved77_DriverIRQHandler
                0x00000252                Reserved16_DriverIRQHandler
                0x00000252                GPIO2_DriverIRQHandler
                0x00000252                Reserved85_DriverIRQHandler
                0x00000252                ADC0_DriverIRQHandler
                0x00000252                CMP0_DriverIRQHandler
                0x00000252                CDOG0_DriverIRQHandler
                0x00000252                Reserved59_DriverIRQHandler
                0x00000252                DMA_CH0_DriverIRQHandler
                0x00000252                Reserved58_DriverIRQHandler
                0x00000252                DMA_CH1_DriverIRQHandler
                0x00000252                SPC0_DriverIRQHandler
                0x00000252                GLIKEY0_DriverIRQHandler
                0x00000252                Reserved43_DriverIRQHandler
                0x00000252                Reserved46_DriverIRQHandler
                0x00000252                Reserved37_DriverIRQHandler
                0x00000252                Reserved86_DriverIRQHandler
                0x00000252                GPIO1_DriverIRQHandler
                0x00000252                FLEXPWM0_SUBMODULE0_DriverIRQHandler
                0x00000252                Reserved50_DriverIRQHandler
                0x00000252                OS_EVENT_DriverIRQHandler
                0x00000252                SCG0_DriverIRQHandler
                0x00000252                GPIO3_DriverIRQHandler
 *(SORT_BY_ALIGNMENT(.text*))
 .text.DbgConsole_Init
                0x00000254       0x88 ./utilities/debug_console_lite/fsl_debug_console.o
                0x00000254                DbgConsole_Init
 .text.DbgConsole_Vprintf
                0x000002dc       0x3c ./utilities/debug_console_lite/fsl_debug_console.o
                0x000002dc                DbgConsole_Vprintf
 .text.DbgConsole_Putchar
                0x00000318       0x30 ./utilities/debug_console_lite/fsl_debug_console.o
                0x00000318                DbgConsole_Putchar
 .text.DbgConsole_PrintfFormattedData
                0x00000348      0x3e0 ./utilities/debug_console_lite/fsl_debug_console.o
 .text.__assertion_failed
                0x00000728       0x2c ./utilities/fsl_assert.o
                0x00000728                __assertion_failed
 .text          0x00000754       0xa0 ./utilities/fsl_memcpy.o
                0x00000754                memcpy
 .text.__NVIC_EnableIRQ
                0x000007f4       0x38 ./source/gpio_input_interrupt.o
 .text.__NVIC_SetPriority
                0x0000082c       0x54 ./source/gpio_input_interrupt.o
 .text.SysTick_Config
                0x00000880       0x44 ./source/gpio_input_interrupt.o
 .text.GPIO_SetPinInterruptConfig
                0x000008c4       0x4c ./source/gpio_input_interrupt.o
 .text.GPIO3_IRQHandler
                0x00000910       0x30 ./source/gpio_input_interrupt.o
                0x00000910                GPIO3_IRQHandler
 .text.SysTick_Handler
                0x00000940       0xac ./source/gpio_input_interrupt.o
                0x00000940                SysTick_Handler
 .text.main     0x000009ec       0x8c ./source/gpio_input_interrupt.o
                0x000009ec                main
 .text.CLOCK_SetClockSelect
                0x00000a78       0x94 ./drivers/fsl_clock.o
                0x00000a78                CLOCK_SetClockSelect
 .text.CLOCK_SetClockDiv
                0x00000b0c       0x7c ./drivers/fsl_clock.o
                0x00000b0c                CLOCK_SetClockDiv
 .text.CLOCK_SetupFROHFClocking
                0x00000b88       0xf4 ./drivers/fsl_clock.o
                0x00000b88                CLOCK_SetupFROHFClocking
 .text.CLOCK_SetupFRO12MClocking
                0x00000c7c       0x54 ./drivers/fsl_clock.o
                0x00000c7c                CLOCK_SetupFRO12MClocking
 .text.CLOCK_GetFreq
                0x00000cd0       0xf4 ./drivers/fsl_clock.o
                0x00000cd0                CLOCK_GetFreq
 .text.CLOCK_GetFro12MFreq
                0x00000dc4       0x28 ./drivers/fsl_clock.o
 .text.CLOCK_GetClk1MFreq
                0x00000dec       0x14 ./drivers/fsl_clock.o
 .text.CLOCK_GetFroHfFreq
                0x00000e00       0xc0 ./drivers/fsl_clock.o
 .text.CLOCK_GetClk48MFreq
                0x00000ec0       0x38 ./drivers/fsl_clock.o
 .text.CLOCK_GetFRO16KFreq
                0x00000ef8       0x28 ./drivers/fsl_clock.o
 .text.CLOCK_GetClk16KFreq
                0x00000f20       0x44 ./drivers/fsl_clock.o
 .text.CLOCK_GetExtClkFreq
                0x00000f64       0x2c ./drivers/fsl_clock.o
 .text.CLOCK_GetMainClk
                0x00000f90       0x68 ./drivers/fsl_clock.o
                0x00000f90                CLOCK_GetMainClk
 .text.CLOCK_GetCoreSysClkFreq
                0x00000ff8       0x20 ./drivers/fsl_clock.o
                0x00000ff8                CLOCK_GetCoreSysClkFreq
 .text.CLOCK_EnableClock
                0x00001018       0x88 ./drivers/fsl_gpio.o
 .text.CLOCK_DisableClock
                0x000010a0       0x98 ./drivers/fsl_gpio.o
 .text.GPIO_GetInstance
                0x00001138       0x4c ./drivers/fsl_gpio.o
 .text.GPIO_PortClockEnable
                0x00001184       0x48 ./drivers/fsl_gpio.o
 .text.GPIO_PinInit
                0x000011cc       0x6c ./drivers/fsl_gpio.o
                0x000011cc                GPIO_PinInit
 .text.CLOCK_EnableClock
                0x00001238       0x88 ./drivers/fsl_lpuart.o
 .text.LPUART_GetInstance
                0x000012c0       0x4c ./drivers/fsl_lpuart.o
                0x000012c0                LPUART_GetInstance
 .text.LPUART_Init
                0x0000130c      0x324 ./drivers/fsl_lpuart.o
                0x0000130c                LPUART_Init
 .text.LPUART_GetDefaultConfig
                0x00001630       0x88 ./drivers/fsl_lpuart.o
                0x00001630                LPUART_GetDefaultConfig
 .text.LPUART_GetStatusFlags
                0x000016b8       0x38 ./drivers/fsl_lpuart.o
                0x000016b8                LPUART_GetStatusFlags
 .text.LPUART_ClearStatusFlags
                0x000016f0       0x7c ./drivers/fsl_lpuart.o
                0x000016f0                LPUART_ClearStatusFlags
 .text.LPUART_WriteBlocking
                0x0000176c       0x68 ./drivers/fsl_lpuart.o
                0x0000176c                LPUART_WriteBlocking
 .text.LPUART_ReadBlocking
                0x000017d4      0x160 ./drivers/fsl_lpuart.o
                0x000017d4                LPUART_ReadBlocking
 .text.LPUART0_DriverIRQHandler
                0x00001934       0x24 ./drivers/fsl_lpuart.o
                0x00001934                LPUART0_DriverIRQHandler
 .text.LPUART1_DriverIRQHandler
                0x00001958       0x24 ./drivers/fsl_lpuart.o
                0x00001958                LPUART1_DriverIRQHandler
 .text.LPUART2_DriverIRQHandler
                0x0000197c       0x24 ./drivers/fsl_lpuart.o
                0x0000197c                LPUART2_DriverIRQHandler
 .text.RESET_SetPeripheralReset
                0x000019a0       0xb4 ./drivers/fsl_reset.o
                0x000019a0                RESET_SetPeripheralReset
 .text.RESET_ClearPeripheralReset
                0x00001a54       0x98 ./drivers/fsl_reset.o
                0x00001a54                RESET_ClearPeripheralReset
 .text.SPC_SetSRAMOperateVoltage
                0x00001aec       0x58 ./drivers/fsl_spc.o
                0x00001aec                SPC_SetSRAMOperateVoltage
 .text.SPC_SetActiveModeCoreLDORegulatorConfig
                0x00001b44       0x94 ./drivers/fsl_spc.o
                0x00001b44                SPC_SetActiveModeCoreLDORegulatorConfig
 .text.SystemInit
                0x00001bd8      0x120 ./device/system_MCXA153.o
                0x00001bd8                SystemInit
 .text.HAL_UartInitCommon
                0x00001cf8       0xe0 ./component/uart/fsl_adapter_lpuart.o
 .text.HAL_UartInit
                0x00001dd8       0x84 ./component/uart/fsl_adapter_lpuart.o
                0x00001dd8                HAL_UartInit
 .text.HAL_UartReceiveBlocking
                0x00001e5c       0x6c ./component/uart/fsl_adapter_lpuart.o
                0x00001e5c                HAL_UartReceiveBlocking
 .text.HAL_UartSendBlocking
                0x00001ec8       0x64 ./component/uart/fsl_adapter_lpuart.o
                0x00001ec8                HAL_UartSendBlocking
 .text.BOARD_InitDebugConsole
                0x00001f2c       0x30 ./board/board.o
                0x00001f2c                BOARD_InitDebugConsole
 .text.CLOCK_EnableClock
                0x00001f5c       0x88 ./board/clock_config.o
 .text.BOARD_BootClockFRO96M
                0x00001fe4      0x16c ./board/clock_config.o
                0x00001fe4                BOARD_BootClockFRO96M
 .text.CLOCK_EnableClock
                0x00002150       0x88 ./board/hardware_init.o
 .text.BOARD_InitHardware
                0x000021d8       0x20 ./board/hardware_init.o
                0x000021d8                BOARD_InitHardware
 .text.CLOCK_EnableClock
                0x000021f8       0x88 ./board/pin_mux.o
 .text.PORT_SetPinConfig
                0x00002280       0x38 ./board/pin_mux.o
 .text.BOARD_InitPins
                0x000022b8      0x138 ./board/pin_mux.o
                0x000022b8                BOARD_InitPins
 .text._initio  0x000023f0       0x78 D:/MCUXpresso/MCUXpressoIDE_24.12.148/ide/plugins/com.nxp.mcuxpresso.tools.win32_24.12.0.202407110909/tools/bin/../lib/gcc/arm-none-eabi/13.2.1/../../../../arm-none-eabi/lib/thumb/v8-m.main/nofp\libcr_c.a(initio.o)
                0x000023f0                _initio
 .text._Cwritebuf
                0x00002468       0x6c D:/MCUXpresso/MCUXpressoIDE_24.12.148/ide/plugins/com.nxp.mcuxpresso.tools.win32_24.12.0.202407110909/tools/bin/../lib/gcc/arm-none-eabi/13.2.1/../../../../arm-none-eabi/lib/thumb/v8-m.main/nofp\libcr_c.a(_writebuf.o)
                0x00002468                _Cwritebuf
 .text.fflush   0x000024d4       0x3c D:/MCUXpresso/MCUXpressoIDE_24.12.148/ide/plugins/com.nxp.mcuxpresso.tools.win32_24.12.0.202407110909/tools/bin/../lib/gcc/arm-none-eabi/13.2.1/../../../../arm-none-eabi/lib/thumb/v8-m.main/nofp\libcr_c.a(fflush.o)
                0x000024d4                fflush
 .text.fseek    0x00002510       0xf8 D:/MCUXpresso/MCUXpressoIDE_24.12.148/ide/plugins/com.nxp.mcuxpresso.tools.win32_24.12.0.202407110909/tools/bin/../lib/gcc/arm-none-eabi/13.2.1/../../../../arm-none-eabi/lib/thumb/v8-m.main/nofp\libcr_c.a(fseek.o)
                0x00002510                fseek
 .text.ftell    0x00002608       0x44 D:/MCUXpresso/MCUXpressoIDE_24.12.148/ide/plugins/com.nxp.mcuxpresso.tools.win32_24.12.0.202407110909/tools/bin/../lib/gcc/arm-none-eabi/13.2.1/../../../../arm-none-eabi/lib/thumb/v8-m.main/nofp\libcr_c.a(ftell.o)
                0x00002608                ftell
 .text.DbgConsole_Printf
                0x0000264c       0x2c ./utilities/debug_console_lite/fsl_debug_console.o
                0x0000264c                DbgConsole_Printf
 .text.DbgConsole_PrintfPaddingCharacter
                0x00002678       0x40 ./utilities/debug_console_lite/fsl_debug_console.o
 .text.DbgConsole_ConvertRadixNumToString
                0x000026b8       0xc0 ./utilities/debug_console_lite/fsl_debug_console.o
 .text.fsl_assert_hook
                0x00002778       0x18 ./utilities/fsl_assert.o
                0x00002778                fsl_assert_hook
 .text.Reserved16_IRQHandler
                0x00002790        0x8 ./startup/startup_mcxa153.o
                0x00002790                Reserved16_IRQHandler
 .text.CMC_IRQHandler
                0x00002798        0x8 ./startup/startup_mcxa153.o
                0x00002798                CMC_IRQHandler
 .text.DMA_CH0_IRQHandler
                0x000027a0        0x8 ./startup/startup_mcxa153.o
                0x000027a0                DMA_CH0_IRQHandler
 .text.DMA_CH1_IRQHandler
                0x000027a8        0x8 ./startup/startup_mcxa153.o
                0x000027a8                DMA_CH1_IRQHandler
 .text.DMA_CH2_IRQHandler
                0x000027b0        0x8 ./startup/startup_mcxa153.o
                0x000027b0                DMA_CH2_IRQHandler
 .text.DMA_CH3_IRQHandler
                0x000027b8        0x8 ./startup/startup_mcxa153.o
                0x000027b8                DMA_CH3_IRQHandler
 .text.Reserved22_IRQHandler
                0x000027c0        0x8 ./startup/startup_mcxa153.o
                0x000027c0                Reserved22_IRQHandler
 .text.Reserved23_IRQHandler
                0x000027c8        0x8 ./startup/startup_mcxa153.o
                0x000027c8                Reserved23_IRQHandler
 .text.Reserved24_IRQHandler
                0x000027d0        0x8 ./startup/startup_mcxa153.o
                0x000027d0                Reserved24_IRQHandler
 .text.Reserved25_IRQHandler
                0x000027d8        0x8 ./startup/startup_mcxa153.o
                0x000027d8                Reserved25_IRQHandler
 .text.ERM0_SINGLE_BIT_IRQHandler
                0x000027e0        0x8 ./startup/startup_mcxa153.o
                0x000027e0                ERM0_SINGLE_BIT_IRQHandler
 .text.ERM0_MULTI_BIT_IRQHandler
                0x000027e8        0x8 ./startup/startup_mcxa153.o
                0x000027e8                ERM0_MULTI_BIT_IRQHandler
 .text.FMU0_IRQHandler
                0x000027f0        0x8 ./startup/startup_mcxa153.o
                0x000027f0                FMU0_IRQHandler
 .text.GLIKEY0_IRQHandler
                0x000027f8        0x8 ./startup/startup_mcxa153.o
                0x000027f8                GLIKEY0_IRQHandler
 .text.MBC0_IRQHandler
                0x00002800        0x8 ./startup/startup_mcxa153.o
                0x00002800                MBC0_IRQHandler
 .text.SCG0_IRQHandler
                0x00002808        0x8 ./startup/startup_mcxa153.o
                0x00002808                SCG0_IRQHandler
 .text.SPC0_IRQHandler
                0x00002810        0x8 ./startup/startup_mcxa153.o
                0x00002810                SPC0_IRQHandler
 .text.Reserved33_IRQHandler
                0x00002818        0x8 ./startup/startup_mcxa153.o
                0x00002818                Reserved33_IRQHandler
 .text.WUU0_IRQHandler
                0x00002820        0x8 ./startup/startup_mcxa153.o
                0x00002820                WUU0_IRQHandler
 .text.Reserved35_IRQHandler
                0x00002828        0x8 ./startup/startup_mcxa153.o
                0x00002828                Reserved35_IRQHandler
 .text.Reserved36_IRQHandler
                0x00002830        0x8 ./startup/startup_mcxa153.o
                0x00002830                Reserved36_IRQHandler
 .text.Reserved37_IRQHandler
                0x00002838        0x8 ./startup/startup_mcxa153.o
                0x00002838                Reserved37_IRQHandler
 .text.Reserved38_IRQHandler
                0x00002840        0x8 ./startup/startup_mcxa153.o
                0x00002840                Reserved38_IRQHandler
 .text.Reserved39_IRQHandler
                0x00002848        0x8 ./startup/startup_mcxa153.o
                0x00002848                Reserved39_IRQHandler
 .text.I3C0_IRQHandler
                0x00002850        0x8 ./startup/startup_mcxa153.o
                0x00002850                I3C0_IRQHandler
 .text.Reserved41_IRQHandler
                0x00002858        0x8 ./startup/startup_mcxa153.o
                0x00002858                Reserved41_IRQHandler
 .text.LPI2C0_IRQHandler
                0x00002860        0x8 ./startup/startup_mcxa153.o
                0x00002860                LPI2C0_IRQHandler
 .text.Reserved43_IRQHandler
                0x00002868        0x8 ./startup/startup_mcxa153.o
                0x00002868                Reserved43_IRQHandler
 .text.LPSPI0_IRQHandler
                0x00002870        0x8 ./startup/startup_mcxa153.o
                0x00002870                LPSPI0_IRQHandler
 .text.LPSPI1_IRQHandler
                0x00002878        0x8 ./startup/startup_mcxa153.o
                0x00002878                LPSPI1_IRQHandler
 .text.Reserved46_IRQHandler
                0x00002880        0x8 ./startup/startup_mcxa153.o
                0x00002880                Reserved46_IRQHandler
 .text.LPUART0_IRQHandler
                0x00002888        0x8 ./startup/startup_mcxa153.o
                0x00002888                LPUART0_IRQHandler
 .text.LPUART1_IRQHandler
                0x00002890        0x8 ./startup/startup_mcxa153.o
                0x00002890                LPUART1_IRQHandler
 .text.LPUART2_IRQHandler
                0x00002898        0x8 ./startup/startup_mcxa153.o
                0x00002898                LPUART2_IRQHandler
 .text.Reserved50_IRQHandler
                0x000028a0        0x8 ./startup/startup_mcxa153.o
                0x000028a0                Reserved50_IRQHandler
 .text.Reserved51_IRQHandler
                0x000028a8        0x8 ./startup/startup_mcxa153.o
                0x000028a8                Reserved51_IRQHandler
 .text.USB0_IRQHandler
                0x000028b0        0x8 ./startup/startup_mcxa153.o
                0x000028b0                USB0_IRQHandler
 .text.Reserved53_IRQHandler
                0x000028b8        0x8 ./startup/startup_mcxa153.o
                0x000028b8                Reserved53_IRQHandler
 .text.CDOG0_IRQHandler
                0x000028c0        0x8 ./startup/startup_mcxa153.o
                0x000028c0                CDOG0_IRQHandler
 .text.CTIMER0_IRQHandler
                0x000028c8        0x8 ./startup/startup_mcxa153.o
                0x000028c8                CTIMER0_IRQHandler
 .text.CTIMER1_IRQHandler
                0x000028d0        0x8 ./startup/startup_mcxa153.o
                0x000028d0                CTIMER1_IRQHandler
 .text.CTIMER2_IRQHandler
                0x000028d8        0x8 ./startup/startup_mcxa153.o
                0x000028d8                CTIMER2_IRQHandler
 .text.Reserved58_IRQHandler
                0x000028e0        0x8 ./startup/startup_mcxa153.o
                0x000028e0                Reserved58_IRQHandler
 .text.Reserved59_IRQHandler
                0x000028e8        0x8 ./startup/startup_mcxa153.o
                0x000028e8                Reserved59_IRQHandler
 .text.FLEXPWM0_RELOAD_ERROR_IRQHandler
                0x000028f0        0x8 ./startup/startup_mcxa153.o
                0x000028f0                FLEXPWM0_RELOAD_ERROR_IRQHandler
 .text.FLEXPWM0_FAULT_IRQHandler
                0x000028f8        0x8 ./startup/startup_mcxa153.o
                0x000028f8                FLEXPWM0_FAULT_IRQHandler
 .text.FLEXPWM0_SUBMODULE0_IRQHandler
                0x00002900        0x8 ./startup/startup_mcxa153.o
                0x00002900                FLEXPWM0_SUBMODULE0_IRQHandler
 .text.FLEXPWM0_SUBMODULE1_IRQHandler
                0x00002908        0x8 ./startup/startup_mcxa153.o
                0x00002908                FLEXPWM0_SUBMODULE1_IRQHandler
 .text.FLEXPWM0_SUBMODULE2_IRQHandler
                0x00002910        0x8 ./startup/startup_mcxa153.o
                0x00002910                FLEXPWM0_SUBMODULE2_IRQHandler
 .text.Reserved65_IRQHandler
                0x00002918        0x8 ./startup/startup_mcxa153.o
                0x00002918                Reserved65_IRQHandler
 .text.QDC0_COMPARE_IRQHandler
                0x00002920        0x8 ./startup/startup_mcxa153.o
                0x00002920                QDC0_COMPARE_IRQHandler
 .text.QDC0_HOME_IRQHandler
                0x00002928        0x8 ./startup/startup_mcxa153.o
                0x00002928                QDC0_HOME_IRQHandler
 .text.QDC0_WATCHDOG_IRQHandler
                0x00002930        0x8 ./startup/startup_mcxa153.o
                0x00002930                QDC0_WATCHDOG_IRQHandler
 .text.QDC0_INDEX_IRQHandler
                0x00002938        0x8 ./startup/startup_mcxa153.o
                0x00002938                QDC0_INDEX_IRQHandler
 .text.FREQME0_IRQHandler
                0x00002940        0x8 ./startup/startup_mcxa153.o
                0x00002940                FREQME0_IRQHandler
 .text.LPTMR0_IRQHandler
                0x00002948        0x8 ./startup/startup_mcxa153.o
                0x00002948                LPTMR0_IRQHandler
 .text.Reserved72_IRQHandler
                0x00002950        0x8 ./startup/startup_mcxa153.o
                0x00002950                Reserved72_IRQHandler
 .text.OS_EVENT_IRQHandler
                0x00002958        0x8 ./startup/startup_mcxa153.o
                0x00002958                OS_EVENT_IRQHandler
 .text.WAKETIMER0_IRQHandler
                0x00002960        0x8 ./startup/startup_mcxa153.o
                0x00002960                WAKETIMER0_IRQHandler
 .text.UTICK0_IRQHandler
                0x00002968        0x8 ./startup/startup_mcxa153.o
                0x00002968                UTICK0_IRQHandler
 .text.WWDT0_IRQHandler
                0x00002970        0x8 ./startup/startup_mcxa153.o
                0x00002970                WWDT0_IRQHandler
 .text.Reserved77_IRQHandler
                0x00002978        0x8 ./startup/startup_mcxa153.o
                0x00002978                Reserved77_IRQHandler
 .text.ADC0_IRQHandler
                0x00002980        0x8 ./startup/startup_mcxa153.o
                0x00002980                ADC0_IRQHandler
 .text.Reserved79_IRQHandler
                0x00002988        0x8 ./startup/startup_mcxa153.o
                0x00002988                Reserved79_IRQHandler
 .text.CMP0_IRQHandler
                0x00002990        0x8 ./startup/startup_mcxa153.o
                0x00002990                CMP0_IRQHandler
 .text.CMP1_IRQHandler
                0x00002998        0x8 ./startup/startup_mcxa153.o
                0x00002998                CMP1_IRQHandler
 .text.Reserved82_IRQHandler
                0x000029a0        0x8 ./startup/startup_mcxa153.o
                0x000029a0                Reserved82_IRQHandler
 .text.Reserved83_IRQHandler
                0x000029a8        0x8 ./startup/startup_mcxa153.o
                0x000029a8                Reserved83_IRQHandler
 .text.Reserved84_IRQHandler
                0x000029b0        0x8 ./startup/startup_mcxa153.o
                0x000029b0                Reserved84_IRQHandler
 .text.Reserved85_IRQHandler
                0x000029b8        0x8 ./startup/startup_mcxa153.o
                0x000029b8                Reserved85_IRQHandler
 .text.Reserved86_IRQHandler
                0x000029c0        0x8 ./startup/startup_mcxa153.o
                0x000029c0                Reserved86_IRQHandler
 .text.GPIO0_IRQHandler
                0x000029c8        0x8 ./startup/startup_mcxa153.o
                0x000029c8                GPIO0_IRQHandler
 .text.GPIO1_IRQHandler
                0x000029d0        0x8 ./startup/startup_mcxa153.o
                0x000029d0                GPIO1_IRQHandler
 .text.GPIO2_IRQHandler
                0x000029d8        0x8 ./startup/startup_mcxa153.o
                0x000029d8                GPIO2_IRQHandler
 .text.EnableIRQ
                0x000029e0       0x32 ./source/gpio_input_interrupt.o
 .text.GPIO_PinWrite
                0x00002a12       0x34 ./source/gpio_input_interrupt.o
 .text.HardFault_Handler
                0x00002a46       0x36 ./source/semihost_hardfault.o
                0x00002a46                HardFault_Handler
 .text.CLOCK_AttachClk
                0x00002a7c       0x30 ./drivers/fsl_clock.o
                0x00002a7c                CLOCK_AttachClk
 .text.GPIO_PinWrite
                0x00002aac       0x34 ./drivers/fsl_gpio.o
 .text.GPIO_GpioClearInterruptFlags
                0x00002ae0       0x1c ./drivers/fsl_gpio.o
                0x00002ae0                GPIO_GpioClearInterruptFlags
 .text.RESET_ReleasePeripheralReset
                0x00002afc       0x1a ./drivers/fsl_lpuart.o
 .text.LPUART_SoftwareReset
                0x00002b16       0x2a ./drivers/fsl_lpuart.o
 .text.RESET_PeripheralReset
                0x00002b40       0x22 ./drivers/fsl_reset.o
                0x00002b40                RESET_PeripheralReset
 .text.SPC_GetActiveModeBandgapMode
                0x00002b62       0x20 ./drivers/fsl_spc.o
 .text.SPC_GetActiveModeVoltageDetectStatus
                0x00002b82       0x20 ./drivers/fsl_spc.o
 .text.SPC_GetActiveModeCoreLDOVDDVoltageLevel
                0x00002ba2       0x20 ./drivers/fsl_spc.o
 .text.SPC_GetActiveModeCoreLDODriveStrength
                0x00002bc2       0x20 ./drivers/fsl_spc.o
 .text.SPC_SetActiveModeCoreLDORegulatorVoltageLevel
                0x00002be2       0x60 ./drivers/fsl_spc.o
                0x00002be2                SPC_SetActiveModeCoreLDORegulatorVoltageLevel
 .text.SPC_SetActiveModeCoreLDORegulatorDriveStrength
                0x00002c42       0x5e ./drivers/fsl_spc.o
                0x00002c42                SPC_SetActiveModeCoreLDORegulatorDriveStrength
 .text.SystemInitHook
                0x00002ca0        0xc ./device/system_MCXA153.o
                0x00002ca0                SystemInitHook
 .text.HAL_UartGetStatus
                0x00002cac       0x26 ./component/uart/fsl_adapter_lpuart.o
 .text.RESET_ReleasePeripheralReset
                0x00002cd2       0x1a ./board/clock_config.o
 .text.BOARD_InitBootClocks
                0x00002cec        0xc ./board/clock_config.o
                0x00002cec                BOARD_InitBootClocks
 .text.RESET_ReleasePeripheralReset
                0x00002cf8       0x1a ./board/pin_mux.o
 .text.PORT_SetPinMux
                0x00002d12       0x3c ./board/pin_mux.o
 .text.__main   0x00002d4e        0xe D:/MCUXpresso/MCUXpressoIDE_24.12.148/ide/plugins/com.nxp.mcuxpresso.tools.win32_24.12.0.202407110909/tools/bin/../lib/gcc/arm-none-eabi/13.2.1/../../../../arm-none-eabi/lib/thumb/v8-m.main/nofp\libcr_nohost_nf.a(_cr__main.o)
                0x00002d4e                __main
 .text.memset   0x00002d5c        0x4 D:/MCUXpresso/MCUXpressoIDE_24.12.148/ide/plugins/com.nxp.mcuxpresso.tools.win32_24.12.0.202407110909/tools/bin/../lib/gcc/arm-none-eabi/13.2.1/../../../../arm-none-eabi/lib/thumb/v8-m.main/nofp\libcr_c.a(memset.o)
                0x00002d5c                memset
 .text.free     0x00002d60       0x30 D:/MCUXpresso/MCUXpressoIDE_24.12.148/ide/plugins/com.nxp.mcuxpresso.tools.win32_24.12.0.202407110909/tools/bin/../lib/gcc/arm-none-eabi/13.2.1/../../../../arm-none-eabi/lib/thumb/v8-m.main/nofp\libcr_c.a(alloc.o)
                0x00002d60                free
 .text.setvbuf  0x00002d90       0x3e D:/MCUXpresso/MCUXpressoIDE_24.12.148/ide/plugins/com.nxp.mcuxpresso.tools.win32_24.12.0.202407110909/tools/bin/../lib/gcc/arm-none-eabi/13.2.1/../../../../arm-none-eabi/lib/thumb/v8-m.main/nofp\libcr_c.a(setvbuf.o)
                0x00002d90                setvbuf
 .text.strlen   0x00002dce       0x4e D:/MCUXpresso/MCUXpressoIDE_24.12.148/ide/plugins/com.nxp.mcuxpresso.tools.win32_24.12.0.202407110909/tools/bin/../lib/gcc/arm-none-eabi/13.2.1/../../../../arm-none-eabi/lib/thumb/v8-m.main/nofp\libcr_c.a(strlen.o)
                0x00002dce                strlen
 .text._deferredlazyseek
                0x00002e1c       0x40 D:/MCUXpresso/MCUXpressoIDE_24.12.148/ide/plugins/com.nxp.mcuxpresso.tools.win32_24.12.0.202407110909/tools/bin/../lib/gcc/arm-none-eabi/13.2.1/../../../../arm-none-eabi/lib/thumb/v8-m.main/nofp\libcr_c.a(_deferredlazyseek.o)
                0x00002e1c                _deferredlazyseek
 .text._fdopen  0x00002e5c       0x68 D:/MCUXpresso/MCUXpressoIDE_24.12.148/ide/plugins/com.nxp.mcuxpresso.tools.win32_24.12.0.202407110909/tools/bin/../lib/gcc/arm-none-eabi/13.2.1/../../../../arm-none-eabi/lib/thumb/v8-m.main/nofp\libcr_c.a(_fdopen.o)
                0x00002e5c                _fdopen
 .text._fflush  0x00002ec4       0x52 D:/MCUXpresso/MCUXpressoIDE_24.12.148/ide/plugins/com.nxp.mcuxpresso.tools.win32_24.12.0.202407110909/tools/bin/../lib/gcc/arm-none-eabi/13.2.1/../../../../arm-none-eabi/lib/thumb/v8-m.main/nofp\libcr_c.a(_fflush.o)
                0x00002ec4                _fflush
 .text.fclose   0x00002f16       0x58 D:/MCUXpresso/MCUXpressoIDE_24.12.148/ide/plugins/com.nxp.mcuxpresso.tools.win32_24.12.0.202407110909/tools/bin/../lib/gcc/arm-none-eabi/13.2.1/../../../../arm-none-eabi/lib/thumb/v8-m.main/nofp\libcr_c.a(fclose.o)
                0x00002f16                fclose
 .text.remove   0x00002f6e       0x14 D:/MCUXpresso/MCUXpressoIDE_24.12.148/ide/plugins/com.nxp.mcuxpresso.tools.win32_24.12.0.202407110909/tools/bin/../lib/gcc/arm-none-eabi/13.2.1/../../../../arm-none-eabi/lib/thumb/v8-m.main/nofp\libcr_c.a(remove.o)
                0x00002f6e                remove
 .text._do_fflush
                0x00002f82       0x40 D:/MCUXpresso/MCUXpressoIDE_24.12.148/ide/plugins/com.nxp.mcuxpresso.tools.win32_24.12.0.202407110909/tools/bin/../lib/gcc/arm-none-eabi/13.2.1/../../../../arm-none-eabi/lib/thumb/v8-m.main/nofp\libcr_c.a(_do_fflush.o)
                0x00002f82                _do_fflush
 .text.__aeabi_memset_lowlevel
                0x00002fc2       0x32 D:/MCUXpresso/MCUXpressoIDE_24.12.148/ide/plugins/com.nxp.mcuxpresso.tools.win32_24.12.0.202407110909/tools/bin/../lib/gcc/arm-none-eabi/13.2.1/thumb/v8-m.main/nofp\libcr_eabihelpers.a(memcpy.o)
                0x00002fc2                __aeabi_lowlevel_memset
 .text.__sys_close
                0x00002ff4        0x6 D:/MCUXpresso/MCUXpressoIDE_24.12.148/ide/plugins/com.nxp.mcuxpresso.tools.win32_24.12.0.202407110909/tools/bin/../lib/gcc/arm-none-eabi/13.2.1/../../../../arm-none-eabi/lib/thumb/v8-m.main/nofp\libcr_nohost_nf.a(__sys_close.o)
                0x00002ff4                __sys_close
 .text.__sys_flen
                0x00002ffa        0x6 D:/MCUXpresso/MCUXpressoIDE_24.12.148/ide/plugins/com.nxp.mcuxpresso.tools.win32_24.12.0.202407110909/tools/bin/../lib/gcc/arm-none-eabi/13.2.1/../../../../arm-none-eabi/lib/thumb/v8-m.main/nofp\libcr_nohost_nf.a(__sys_flen.o)
                0x00002ffa                __sys_flen
 .text.__sys_istty
                0x00003000        0x6 D:/MCUXpresso/MCUXpressoIDE_24.12.148/ide/plugins/com.nxp.mcuxpresso.tools.win32_24.12.0.202407110909/tools/bin/../lib/gcc/arm-none-eabi/13.2.1/../../../../arm-none-eabi/lib/thumb/v8-m.main/nofp\libcr_nohost_nf.a(__sys_istty.o)
                0x00003000                __sys_istty
 .text.__sys_remove
                0x00003006        0x6 D:/MCUXpresso/MCUXpressoIDE_24.12.148/ide/plugins/com.nxp.mcuxpresso.tools.win32_24.12.0.202407110909/tools/bin/../lib/gcc/arm-none-eabi/13.2.1/../../../../arm-none-eabi/lib/thumb/v8-m.main/nofp\libcr_nohost_nf.a(__sys_remove.o)
                0x00003006                __sys_remove
 .text.__sys_seek
                0x0000300c        0x6 D:/MCUXpresso/MCUXpressoIDE_24.12.148/ide/plugins/com.nxp.mcuxpresso.tools.win32_24.12.0.202407110909/tools/bin/../lib/gcc/arm-none-eabi/13.2.1/../../../../arm-none-eabi/lib/thumb/v8-m.main/nofp\libcr_nohost_nf.a(__sys_seek.o)
                0x0000300c                __sys_seek
 .text.__sys_tmpnam
                0x00003012        0x6 D:/MCUXpresso/MCUXpressoIDE_24.12.148/ide/plugins/com.nxp.mcuxpresso.tools.win32_24.12.0.202407110909/tools/bin/../lib/gcc/arm-none-eabi/13.2.1/../../../../arm-none-eabi/lib/thumb/v8-m.main/nofp\libcr_nohost_nf.a(__sys_tmpnam.o)
                0x00003012                __sys_tmpnam
 .text.__sys_write
                0x00003018        0x4 D:/MCUXpresso/MCUXpressoIDE_24.12.148/ide/plugins/com.nxp.mcuxpresso.tools.win32_24.12.0.202407110909/tools/bin/../lib/gcc/arm-none-eabi/13.2.1/../../../../arm-none-eabi/lib/thumb/v8-m.main/nofp\libcr_nohost_nf.a(__sys_write.o)
                0x00003018                __sys_write
 *(SORT_BY_ALIGNMENT(.rodata) SORT_BY_ALIGNMENT(.rodata.*) SORT_BY_ALIGNMENT(.constdata) SORT_BY_ALIGNMENT(.constdata.*))
 .rodata.__assertion_failed.str1.4
                0x0000301c      0x5fd ./utilities/fsl_assert.o
                                 0x14 (size before relaxing)
 .rodata.GPIO_SetPinInterruptConfig.str1.4
                0x00003619       0x4b ./source/gpio_input_interrupt.o
 .rodata.main.str1.4
                0x00003619       0x44 ./source/gpio_input_interrupt.o
 .rodata.CLOCK_SetClockSelect.str1.4
                0x00003619       0x2c ./drivers/fsl_clock.o
 .rodata.CLOCK_SetClockDiv.str1.4
                0x00003619       0x2c ./drivers/fsl_clock.o
 *fill*         0x00003619        0x3 ff
 .rodata.s_gpioBases
                0x0000361c       0x10 ./drivers/fsl_gpio.o
 .rodata.s_gpioClockName
                0x0000362c       0x10 ./drivers/fsl_gpio.o
 .rodata.GPIO_GetInstance.str1.4
                0x0000363c       0x34 ./drivers/fsl_gpio.o
 .rodata.GPIO_PinInit.str1.4
                0x0000363c       0x20 ./drivers/fsl_gpio.o
 .rodata.s_lpuartBases
                0x0000363c        0xc ./drivers/fsl_lpuart.o
 .rodata.s_lpuartClock
                0x00003648        0xc ./drivers/fsl_lpuart.o
 .rodata.s_lpuartResets
                0x00003654        0x6 ./drivers/fsl_lpuart.o
 .rodata.LPUART_GetInstance.str1.4
                0x0000365a       0x38 ./drivers/fsl_lpuart.o
 .rodata.LPUART_Init.str1.4
                0x0000365a      0x10a ./drivers/fsl_lpuart.o
 .rodata.LPUART_GetDefaultConfig.str1.4
                0x0000365a       0x22 ./drivers/fsl_lpuart.o
 .rodata.LPUART_WriteBlocking.str1.4
                0x0000365a       0x21 ./drivers/fsl_lpuart.o
 .rodata.LPUART_ReadBlocking.str1.4
                0x0000365a       0x21 ./drivers/fsl_lpuart.o
 .rodata.RESET_SetPeripheralReset.str1.4
                0x0000365a       0x3f ./drivers/fsl_reset.o
 .rodata.RESET_ClearPeripheralReset.str1.4
                0x0000365a       0x1e ./drivers/fsl_reset.o
 .rodata.SPC_SetSRAMOperateVoltage.str1.4
                0x0000365a       0x1f ./drivers/fsl_spc.o
 .rodata.SPC_SetActiveModeCoreLDORegulatorConfig.str1.4
                0x0000365a       0x1f ./drivers/fsl_spc.o
 *fill*         0x0000365a        0x2 ff
 .rodata.s_LpuartAdapterBase
                0x0000365c        0xc ./component/uart/fsl_adapter_lpuart.o
 .rodata.HAL_UartInit.str1.4
                0x00003668      0x116 ./component/uart/fsl_adapter_lpuart.o
 .rodata.HAL_UartReceiveBlocking.str1.4
                0x00003668       0x7b ./component/uart/fsl_adapter_lpuart.o
 .rodata.HAL_UartSendBlocking.str1.4
                0x00003668       0x7b ./component/uart/fsl_adapter_lpuart.o
 .rodata.PORT_SetPinConfig.str1.4
                0x00003668       0x4d ./board/pin_mux.o
 .rodata.__num_Ciob_streams
                0x00003668        0x4 D:/MCUXpresso/MCUXpressoIDE_24.12.148/ide/plugins/com.nxp.mcuxpresso.tools.win32_24.12.0.202407110909/tools/bin/../lib/gcc/arm-none-eabi/13.2.1/../../../../arm-none-eabi/lib/thumb/v8-m.main/nofp\libcr_nohost_nf.a(__ciob.o)
                0x00003668                __num_Ciob_streams
 .rodata._initio.str1.1
                0x0000366c        0x4 D:/MCUXpresso/MCUXpressoIDE_24.12.148/ide/plugins/com.nxp.mcuxpresso.tools.win32_24.12.0.202407110909/tools/bin/../lib/gcc/arm-none-eabi/13.2.1/../../../../arm-none-eabi/lib/thumb/v8-m.main/nofp\libcr_c.a(initio.o)
                0x00003780                        . = ALIGN (0x4)

.glue_7         0x00003670        0x0
 .glue_7        0x00003670        0x0 linker stubs

.glue_7t        0x00003670        0x0
 .glue_7t       0x00003670        0x0 linker stubs

.vfp11_veneer   0x00003670        0x0
 .vfp11_veneer  0x00003670        0x0 linker stubs

.v4_bx          0x00003670        0x0
 .v4_bx         0x00003670        0x0 linker stubs

.iplt           0x00003670        0x0
 .iplt          0x00003670        0x0 ./utilities/debug_console_lite/fsl_debug_console.o

.rel.dyn        0x00003670        0x0
 .rel.iplt      0x00003670        0x0 ./utilities/debug_console_lite/fsl_debug_console.o

.ARM.extab
 *(SORT_BY_ALIGNMENT(.ARM.extab*) SORT_BY_ALIGNMENT(.gnu.linkonce.armextab.*))

.ARM.exidx      0x00003670        0x0
                0x00003670                        __exidx_start = .
 *(SORT_BY_ALIGNMENT(.ARM.exidx*) SORT_BY_ALIGNMENT(.gnu.linkonce.armexidx.*))
                0x00003670                        __exidx_end = .
                0x00003670                        _etext = .

.data_RAM2      0x04000000        0x0 load address 0x00003670
 FILL mask 0xff
                [!provide]                        PROVIDE (__start_data_RAM2 = .)
                [!provide]                        PROVIDE (__start_data_SRAMX0 = .)
 *(SORT_BY_ALIGNMENT(.ramfunc.$RAM2))
 *(SORT_BY_ALIGNMENT(.ramfunc.$SRAMX0))
 *(SORT_BY_ALIGNMENT(.data.$RAM2))
 *(SORT_BY_ALIGNMENT(.data.$SRAMX0))
 *(SORT_BY_ALIGNMENT(.data.$RAM2.*))
 *(SORT_BY_ALIGNMENT(.data.$SRAMX0.*))
                0x04000000                        . = ALIGN (0x4)
                [!provide]                        PROVIDE (__end_data_RAM2 = .)
                [!provide]                        PROVIDE (__end_data_SRAMX0 = .)

.data_RAM3      0x04002000        0x0 load address 0x00003670
 FILL mask 0xff
                [!provide]                        PROVIDE (__start_data_RAM3 = .)
                [!provide]                        PROVIDE (__start_data_SRAMX1 = .)
 *(SORT_BY_ALIGNMENT(.ramfunc.$RAM3))
 *(SORT_BY_ALIGNMENT(.ramfunc.$SRAMX1))
 *(SORT_BY_ALIGNMENT(.data.$RAM3))
 *(SORT_BY_ALIGNMENT(.data.$SRAMX1))
 *(SORT_BY_ALIGNMENT(.data.$RAM3.*))
 *(SORT_BY_ALIGNMENT(.data.$SRAMX1.*))
                0x04002000                        . = ALIGN (0x4)
                [!provide]                        PROVIDE (__end_data_RAM3 = .)
                [!provide]                        PROVIDE (__end_data_SRAMX1 = .)

.uninit_RESERVED
                0x20000000        0x0
                0x20000000                        _start_uninit_RESERVED = .
 *(SORT_BY_ALIGNMENT(.bss.$RESERVED*))
                0x20000000                        . = ALIGN (0x4)
                0x20000000                        _end_uninit_RESERVED = .

.data           0x20000000        0x8 load address 0x00003670
 FILL mask 0xff
                0x20000000                        _data = .
                [!provide]                        PROVIDE (__start_data_RAM = .)
                [!provide]                        PROVIDE (__start_data_SRAM = .)
 *(SORT_BY_ALIGNMENT(vtable))
 *(SORT_BY_ALIGNMENT(.ramfunc*))
 *(SORT_BY_ALIGNMENT(CodeQuickAccess))
 *(SORT_BY_ALIGNMENT(DataQuickAccess))
 *(SORT_BY_ALIGNMENT(RamFunction))
 *(SORT_BY_ALIGNMENT(.data*))
 .data.s_Ext_Clk_Freq
                0x20000000        0x4 ./drivers/fsl_clock.o
 .data.SystemCoreClock
                0x20000004        0x4 ./device/system_MCXA153.o
                0x20000004                SystemCoreClock
                0x20000008                        . = ALIGN (0x4)
                0x20000008                        _edata = .
                [!provide]                        PROVIDE (__end_data_RAM = .)
                [!provide]                        PROVIDE (__end_data_SRAM = .)

.igot.plt       0x20000008        0x0 load address 0x00003678
 .igot.plt      0x20000008        0x0 ./utilities/debug_console_lite/fsl_debug_console.o

.bss_RAM2       0x04000000        0x0
                [!provide]                        PROVIDE (__start_bss_RAM2 = .)
                [!provide]                        PROVIDE (__start_bss_SRAMX0 = .)
 *(SORT_BY_ALIGNMENT(.bss.$RAM2))
 *(SORT_BY_ALIGNMENT(.bss.$SRAMX0))
 *(SORT_BY_ALIGNMENT(.bss.$RAM2.*))
 *(SORT_BY_ALIGNMENT(.bss.$SRAMX0.*))
                0x04000000                        . = ALIGN ((. != 0x0)?0x4:0x1)
                [!provide]                        PROVIDE (__end_bss_RAM2 = .)
                [!provide]                        PROVIDE (__end_bss_SRAMX0 = .)

.bss_RAM3       0x04002000        0x0
                [!provide]                        PROVIDE (__start_bss_RAM3 = .)
                [!provide]                        PROVIDE (__start_bss_SRAMX1 = .)
 *(SORT_BY_ALIGNMENT(.bss.$RAM3))
 *(SORT_BY_ALIGNMENT(.bss.$SRAMX1))
 *(SORT_BY_ALIGNMENT(.bss.$RAM3.*))
 *(SORT_BY_ALIGNMENT(.bss.$SRAMX1.*))
                0x04002000                        . = ALIGN ((. != 0x0)?0x4:0x1)
                [!provide]                        PROVIDE (__end_bss_RAM3 = .)
                [!provide]                        PROVIDE (__end_bss_SRAMX1 = .)

.bss            0x20000008       0xec
                0x20000008                        _bss = .
                [!provide]                        PROVIDE (__start_bss_RAM = .)
                [!provide]                        PROVIDE (__start_bss_SRAM = .)
 *(SORT_BY_ALIGNMENT(.bss*))
 .bss.s_debugConsole
                0x20000008       0x14 ./utilities/debug_console_lite/fsl_debug_console.o
 .bss.tick      0x2000001c        0x4 ./source/gpio_input_interrupt.o
                0x2000001c                tick
 .bss.s_lpuartHandle
                0x20000020        0xc ./drivers/fsl_lpuart.o
                0x20000020                s_lpuartHandle
 .bss.s_lpuartIsr
                0x2000002c        0xc ./drivers/fsl_lpuart.o
                0x2000002c                s_lpuartIsr
 .bss.errno     0x20000038        0x4 D:/MCUXpresso/MCUXpressoIDE_24.12.148/ide/plugins/com.nxp.mcuxpresso.tools.win32_24.12.0.202407110909/tools/bin/../lib/gcc/arm-none-eabi/13.2.1/../../../../arm-none-eabi/lib/thumb/v8-m.main/nofp\libcr_c.a(errno.o)
                0x20000038                errno
 .bss.__Ciob    0x2000003c       0xb4 D:/MCUXpresso/MCUXpressoIDE_24.12.148/ide/plugins/com.nxp.mcuxpresso.tools.win32_24.12.0.202407110909/tools/bin/../lib/gcc/arm-none-eabi/13.2.1/../../../../arm-none-eabi/lib/thumb/v8-m.main/nofp\libcr_nohost_nf.a(__ciob.o)
                0x2000003c                __Ciob
 .bss.state     0x200000f0        0x1 ./source/gpio_input_interrupt.o
                0x200000f0                state
 .bss.toggle.0  0x200000f1        0x1 ./source/gpio_input_interrupt.o
 *(SORT_BY_ALIGNMENT(COMMON))
                0x200000f4                        . = ALIGN (0x4)
 *fill*         0x200000f2        0x2 
                0x200000f4                        _ebss = .
                [!provide]                        PROVIDE (__end_bss_RAM = .)
                [!provide]                        PROVIDE (__end_bss_SRAM = .)
                [!provide]                        PROVIDE (end = .)

.noinit_RAM2    0x04000000        0x0
                [!provide]                        PROVIDE (__start_noinit_RAM2 = .)
                [!provide]                        PROVIDE (__start_noinit_SRAMX0 = .)
 *(SORT_BY_ALIGNMENT(.noinit.$RAM2))
 *(SORT_BY_ALIGNMENT(.noinit.$SRAMX0))
 *(SORT_BY_ALIGNMENT(.noinit.$RAM2.*))
 *(SORT_BY_ALIGNMENT(.noinit.$SRAMX0.*))
                0x04000000                        . = ALIGN (0x4)
                [!provide]                        PROVIDE (__end_noinit_RAM2 = .)
                [!provide]                        PROVIDE (__end_noinit_SRAMX0 = .)

.noinit_RAM3    0x04002000        0x0
                [!provide]                        PROVIDE (__start_noinit_RAM3 = .)
                [!provide]                        PROVIDE (__start_noinit_SRAMX1 = .)
 *(SORT_BY_ALIGNMENT(.noinit.$RAM3))
 *(SORT_BY_ALIGNMENT(.noinit.$SRAMX1))
 *(SORT_BY_ALIGNMENT(.noinit.$RAM3.*))
 *(SORT_BY_ALIGNMENT(.noinit.$SRAMX1.*))
                0x04002000                        . = ALIGN (0x4)
                [!provide]                        PROVIDE (__end_noinit_RAM3 = .)
                [!provide]                        PROVIDE (__end_noinit_SRAMX1 = .)

.noinit         0x200000f4        0x0
                0x200000f4                        _noinit = .
                [!provide]                        PROVIDE (__start_noinit_RAM = .)
                [!provide]                        PROVIDE (__start_noinit_SRAM = .)
 *(SORT_BY_ALIGNMENT(.noinit*))
                0x200000f4                        . = ALIGN (0x4)
                0x200000f4                        _end_noinit = .
                [!provide]                        PROVIDE (__end_noinit_RAM = .)
                [!provide]                        PROVIDE (__end_noinit_SRAM = .)
                0x00000600                        _HeapSize = 0x600

.heap           0x200000f4      0x600
                0x200000f4                        _pvHeapStart = .
                0x200006f4                        . = (. + _HeapSize)
 *fill*         0x200000f4      0x600 
                0x200006f4                        . = ALIGN (0x4)
                0x200006f4                        _pvHeapLimit = .
                0x00000600                        _StackSize = 0x600

.heap2stackfill
                0x200006f4      0x600
                0x20000cf4                        . = (. + _StackSize)
 *fill*         0x200006f4      0x600 

.stack          0x20005a00        0x0
                0x20005a00                        _vStackBase = .
                0x20005a00                        . = ALIGN (0x4)
                0x20006000                        _vStackTop = (. + _StackSize)
                0x00000000                        _image_start = LOADADDR (.text)
                0x00003678                        _image_end = (LOADADDR (.data) + SIZEOF (.data))
                0x00003678                        _image_size = (_image_end - _image_start)
OUTPUT(bai5_gpio_input_interrupt.axf elf32-littlearm)
LOAD linker stubs

.debug_info     0x00000000    0x12401
 .debug_info    0x00000000      0xd8f ./utilities/debug_console_lite/fsl_debug_console.o
 .debug_info    0x00000d8f      0x127 ./utilities/fsl_assert.o
 .debug_info    0x00000eb6       0x24 ./utilities/fsl_memcpy.o
 .debug_info    0x00000eda      0xb86 ./startup/startup_mcxa153.o
 .debug_info    0x00001a60     0x1144 ./source/gpio_input_interrupt.o
 .debug_info    0x00002ba4       0x3c ./source/semihost_hardfault.o
 .debug_info    0x00002be0     0x20b1 ./drivers/fsl_clock.o
 .debug_info    0x00004c91     0x12bc ./drivers/fsl_gpio.o
 .debug_info    0x00005f4d     0x2c92 ./drivers/fsl_lpuart.o
 .debug_info    0x00008bdf      0xa36 ./drivers/fsl_reset.o
 .debug_info    0x00009615      0xfe3 ./drivers/fsl_spc.o
 .debug_info    0x0000a5f8      0xc6a ./device/system_MCXA153.o
 .debug_info    0x0000b262      0xc9d ./component/uart/fsl_adapter_lpuart.o
 .debug_info    0x0000beff      0x6dc ./board/board.o
 .debug_info    0x0000c5db     0x194a ./board/clock_config.o
 .debug_info    0x0000df25      0xa0c ./board/hardware_init.o
 .debug_info    0x0000e931     0x1184 ./board/pin_mux.o
 .debug_info    0x0000fab5       0x85 D:/MCUXpresso/MCUXpressoIDE_24.12.148/ide/plugins/com.nxp.mcuxpresso.tools.win32_24.12.0.202407110909/tools/bin/../lib/gcc/arm-none-eabi/13.2.1/../../../../arm-none-eabi/lib/thumb/v8-m.main/nofp\libcr_nohost_nf.a(_cr__main.o)
 .debug_info    0x0000fb3a       0xfc D:/MCUXpresso/MCUXpressoIDE_24.12.148/ide/plugins/com.nxp.mcuxpresso.tools.win32_24.12.0.202407110909/tools/bin/../lib/gcc/arm-none-eabi/13.2.1/../../../../arm-none-eabi/lib/thumb/v8-m.main/nofp\libcr_c.a(memset.o)
 .debug_info    0x0000fc36      0x520 D:/MCUXpresso/MCUXpressoIDE_24.12.148/ide/plugins/com.nxp.mcuxpresso.tools.win32_24.12.0.202407110909/tools/bin/../lib/gcc/arm-none-eabi/13.2.1/../../../../arm-none-eabi/lib/thumb/v8-m.main/nofp\libcr_c.a(alloc.o)
 .debug_info    0x00010156       0x44 D:/MCUXpresso/MCUXpressoIDE_24.12.148/ide/plugins/com.nxp.mcuxpresso.tools.win32_24.12.0.202407110909/tools/bin/../lib/gcc/arm-none-eabi/13.2.1/../../../../arm-none-eabi/lib/thumb/v8-m.main/nofp\libcr_c.a(errno.o)
 .debug_info    0x0001019a      0x339 D:/MCUXpresso/MCUXpressoIDE_24.12.148/ide/plugins/com.nxp.mcuxpresso.tools.win32_24.12.0.202407110909/tools/bin/../lib/gcc/arm-none-eabi/13.2.1/../../../../arm-none-eabi/lib/thumb/v8-m.main/nofp\libcr_c.a(initio.o)
 .debug_info    0x000104d3      0x1fd D:/MCUXpresso/MCUXpressoIDE_24.12.148/ide/plugins/com.nxp.mcuxpresso.tools.win32_24.12.0.202407110909/tools/bin/../lib/gcc/arm-none-eabi/13.2.1/../../../../arm-none-eabi/lib/thumb/v8-m.main/nofp\libcr_c.a(setvbuf.o)
 .debug_info    0x000106d0       0xe1 D:/MCUXpresso/MCUXpressoIDE_24.12.148/ide/plugins/com.nxp.mcuxpresso.tools.win32_24.12.0.202407110909/tools/bin/../lib/gcc/arm-none-eabi/13.2.1/../../../../arm-none-eabi/lib/thumb/v8-m.main/nofp\libcr_c.a(strlen.o)
 .debug_info    0x000107b1      0x369 D:/MCUXpresso/MCUXpressoIDE_24.12.148/ide/plugins/com.nxp.mcuxpresso.tools.win32_24.12.0.202407110909/tools/bin/../lib/gcc/arm-none-eabi/13.2.1/../../../../arm-none-eabi/lib/thumb/v8-m.main/nofp\libcr_c.a(_deferredlazyseek.o)
 .debug_info    0x00010b1a      0x24b D:/MCUXpresso/MCUXpressoIDE_24.12.148/ide/plugins/com.nxp.mcuxpresso.tools.win32_24.12.0.202407110909/tools/bin/../lib/gcc/arm-none-eabi/13.2.1/../../../../arm-none-eabi/lib/thumb/v8-m.main/nofp\libcr_c.a(_fdopen.o)
 .debug_info    0x00010d65      0x1e3 D:/MCUXpresso/MCUXpressoIDE_24.12.148/ide/plugins/com.nxp.mcuxpresso.tools.win32_24.12.0.202407110909/tools/bin/../lib/gcc/arm-none-eabi/13.2.1/../../../../arm-none-eabi/lib/thumb/v8-m.main/nofp\libcr_c.a(_fflush.o)
 .debug_info    0x00010f48      0x289 D:/MCUXpresso/MCUXpressoIDE_24.12.148/ide/plugins/com.nxp.mcuxpresso.tools.win32_24.12.0.202407110909/tools/bin/../lib/gcc/arm-none-eabi/13.2.1/../../../../arm-none-eabi/lib/thumb/v8-m.main/nofp\libcr_c.a(_writebuf.o)
 .debug_info    0x000111d1      0x318 D:/MCUXpresso/MCUXpressoIDE_24.12.148/ide/plugins/com.nxp.mcuxpresso.tools.win32_24.12.0.202407110909/tools/bin/../lib/gcc/arm-none-eabi/13.2.1/../../../../arm-none-eabi/lib/thumb/v8-m.main/nofp\libcr_c.a(fclose.o)
 .debug_info    0x000114e9      0x209 D:/MCUXpresso/MCUXpressoIDE_24.12.148/ide/plugins/com.nxp.mcuxpresso.tools.win32_24.12.0.202407110909/tools/bin/../lib/gcc/arm-none-eabi/13.2.1/../../../../arm-none-eabi/lib/thumb/v8-m.main/nofp\libcr_c.a(fflush.o)
 .debug_info    0x000116f2      0x276 D:/MCUXpresso/MCUXpressoIDE_24.12.148/ide/plugins/com.nxp.mcuxpresso.tools.win32_24.12.0.202407110909/tools/bin/../lib/gcc/arm-none-eabi/13.2.1/../../../../arm-none-eabi/lib/thumb/v8-m.main/nofp\libcr_c.a(fseek.o)
 .debug_info    0x00011968      0x197 D:/MCUXpresso/MCUXpressoIDE_24.12.148/ide/plugins/com.nxp.mcuxpresso.tools.win32_24.12.0.202407110909/tools/bin/../lib/gcc/arm-none-eabi/13.2.1/../../../../arm-none-eabi/lib/thumb/v8-m.main/nofp\libcr_c.a(ftell.o)
 .debug_info    0x00011aff      0x1d7 D:/MCUXpresso/MCUXpressoIDE_24.12.148/ide/plugins/com.nxp.mcuxpresso.tools.win32_24.12.0.202407110909/tools/bin/../lib/gcc/arm-none-eabi/13.2.1/../../../../arm-none-eabi/lib/thumb/v8-m.main/nofp\libcr_c.a(remove.o)
 .debug_info    0x00011cd6      0x23a D:/MCUXpresso/MCUXpressoIDE_24.12.148/ide/plugins/com.nxp.mcuxpresso.tools.win32_24.12.0.202407110909/tools/bin/../lib/gcc/arm-none-eabi/13.2.1/../../../../arm-none-eabi/lib/thumb/v8-m.main/nofp\libcr_c.a(_do_fflush.o)
 .debug_info    0x00011f10      0x18b D:/MCUXpresso/MCUXpressoIDE_24.12.148/ide/plugins/com.nxp.mcuxpresso.tools.win32_24.12.0.202407110909/tools/bin/../lib/gcc/arm-none-eabi/13.2.1/../../../../arm-none-eabi/lib/thumb/v8-m.main/nofp\libcr_nohost_nf.a(__ciob.o)
 .debug_info    0x0001209b       0x6a D:/MCUXpresso/MCUXpressoIDE_24.12.148/ide/plugins/com.nxp.mcuxpresso.tools.win32_24.12.0.202407110909/tools/bin/../lib/gcc/arm-none-eabi/13.2.1/../../../../arm-none-eabi/lib/thumb/v8-m.main/nofp\libcr_nohost_nf.a(__sys_close.o)
 .debug_info    0x00012105       0x6a D:/MCUXpresso/MCUXpressoIDE_24.12.148/ide/plugins/com.nxp.mcuxpresso.tools.win32_24.12.0.202407110909/tools/bin/../lib/gcc/arm-none-eabi/13.2.1/../../../../arm-none-eabi/lib/thumb/v8-m.main/nofp\libcr_nohost_nf.a(__sys_flen.o)
 .debug_info    0x0001216f       0x6a D:/MCUXpresso/MCUXpressoIDE_24.12.148/ide/plugins/com.nxp.mcuxpresso.tools.win32_24.12.0.202407110909/tools/bin/../lib/gcc/arm-none-eabi/13.2.1/../../../../arm-none-eabi/lib/thumb/v8-m.main/nofp\libcr_nohost_nf.a(__sys_istty.o)
 .debug_info    0x000121d9       0x8a D:/MCUXpresso/MCUXpressoIDE_24.12.148/ide/plugins/com.nxp.mcuxpresso.tools.win32_24.12.0.202407110909/tools/bin/../lib/gcc/arm-none-eabi/13.2.1/../../../../arm-none-eabi/lib/thumb/v8-m.main/nofp\libcr_nohost_nf.a(__sys_remove.o)
 .debug_info    0x00012263       0x78 D:/MCUXpresso/MCUXpressoIDE_24.12.148/ide/plugins/com.nxp.mcuxpresso.tools.win32_24.12.0.202407110909/tools/bin/../lib/gcc/arm-none-eabi/13.2.1/../../../../arm-none-eabi/lib/thumb/v8-m.main/nofp\libcr_nohost_nf.a(__sys_seek.o)
 .debug_info    0x000122db       0x93 D:/MCUXpresso/MCUXpressoIDE_24.12.148/ide/plugins/com.nxp.mcuxpresso.tools.win32_24.12.0.202407110909/tools/bin/../lib/gcc/arm-none-eabi/13.2.1/../../../../arm-none-eabi/lib/thumb/v8-m.main/nofp\libcr_nohost_nf.a(__sys_tmpnam.o)
 .debug_info    0x0001236e       0x93 D:/MCUXpresso/MCUXpressoIDE_24.12.148/ide/plugins/com.nxp.mcuxpresso.tools.win32_24.12.0.202407110909/tools/bin/../lib/gcc/arm-none-eabi/13.2.1/../../../../arm-none-eabi/lib/thumb/v8-m.main/nofp\libcr_nohost_nf.a(__sys_write.o)

.debug_abbrev   0x00000000     0x35b6
 .debug_abbrev  0x00000000      0x256 ./utilities/debug_console_lite/fsl_debug_console.o
 .debug_abbrev  0x00000256       0xbd ./utilities/fsl_assert.o
 .debug_abbrev  0x00000313       0x14 ./utilities/fsl_memcpy.o
 .debug_abbrev  0x00000327      0x134 ./startup/startup_mcxa153.o
 .debug_abbrev  0x0000045b      0x355 ./source/gpio_input_interrupt.o
 .debug_abbrev  0x000007b0       0x31 ./source/semihost_hardfault.o
 .debug_abbrev  0x000007e1      0x31f ./drivers/fsl_clock.o
 .debug_abbrev  0x00000b00      0x26e ./drivers/fsl_gpio.o
 .debug_abbrev  0x00000d6e      0x484 ./drivers/fsl_lpuart.o
 .debug_abbrev  0x000011f2      0x13d ./drivers/fsl_reset.o
 .debug_abbrev  0x0000132f      0x2d1 ./drivers/fsl_spc.o
 .debug_abbrev  0x00001600      0x17f ./device/system_MCXA153.o
 .debug_abbrev  0x0000177f      0x1e7 ./component/uart/fsl_adapter_lpuart.o
 .debug_abbrev  0x00001966       0xf2 ./board/board.o
 .debug_abbrev  0x00001a58      0x26d ./board/clock_config.o
 .debug_abbrev  0x00001cc5      0x12f ./board/hardware_init.o
 .debug_abbrev  0x00001df4      0x252 ./board/pin_mux.o
 .debug_abbrev  0x00002046       0x70 D:/MCUXpresso/MCUXpressoIDE_24.12.148/ide/plugins/com.nxp.mcuxpresso.tools.win32_24.12.0.202407110909/tools/bin/../lib/gcc/arm-none-eabi/13.2.1/../../../../arm-none-eabi/lib/thumb/v8-m.main/nofp\libcr_nohost_nf.a(_cr__main.o)
 .debug_abbrev  0x000020b6       0xa8 D:/MCUXpresso/MCUXpressoIDE_24.12.148/ide/plugins/com.nxp.mcuxpresso.tools.win32_24.12.0.202407110909/tools/bin/../lib/gcc/arm-none-eabi/13.2.1/../../../../arm-none-eabi/lib/thumb/v8-m.main/nofp\libcr_c.a(memset.o)
 .debug_abbrev  0x0000215e      0x284 D:/MCUXpresso/MCUXpressoIDE_24.12.148/ide/plugins/com.nxp.mcuxpresso.tools.win32_24.12.0.202407110909/tools/bin/../lib/gcc/arm-none-eabi/13.2.1/../../../../arm-none-eabi/lib/thumb/v8-m.main/nofp\libcr_c.a(alloc.o)
 .debug_abbrev  0x000023e2       0x44 D:/MCUXpresso/MCUXpressoIDE_24.12.148/ide/plugins/com.nxp.mcuxpresso.tools.win32_24.12.0.202407110909/tools/bin/../lib/gcc/arm-none-eabi/13.2.1/../../../../arm-none-eabi/lib/thumb/v8-m.main/nofp\libcr_c.a(errno.o)
 .debug_abbrev  0x00002426      0x169 D:/MCUXpresso/MCUXpressoIDE_24.12.148/ide/plugins/com.nxp.mcuxpresso.tools.win32_24.12.0.202407110909/tools/bin/../lib/gcc/arm-none-eabi/13.2.1/../../../../arm-none-eabi/lib/thumb/v8-m.main/nofp\libcr_c.a(initio.o)
 .debug_abbrev  0x0000258f       0xe1 D:/MCUXpresso/MCUXpressoIDE_24.12.148/ide/plugins/com.nxp.mcuxpresso.tools.win32_24.12.0.202407110909/tools/bin/../lib/gcc/arm-none-eabi/13.2.1/../../../../arm-none-eabi/lib/thumb/v8-m.main/nofp\libcr_c.a(setvbuf.o)
 .debug_abbrev  0x00002670       0xa7 D:/MCUXpresso/MCUXpressoIDE_24.12.148/ide/plugins/com.nxp.mcuxpresso.tools.win32_24.12.0.202407110909/tools/bin/../lib/gcc/arm-none-eabi/13.2.1/../../../../arm-none-eabi/lib/thumb/v8-m.main/nofp\libcr_c.a(strlen.o)
 .debug_abbrev  0x00002717      0x152 D:/MCUXpresso/MCUXpressoIDE_24.12.148/ide/plugins/com.nxp.mcuxpresso.tools.win32_24.12.0.202407110909/tools/bin/../lib/gcc/arm-none-eabi/13.2.1/../../../../arm-none-eabi/lib/thumb/v8-m.main/nofp\libcr_c.a(_deferredlazyseek.o)
 .debug_abbrev  0x00002869      0x119 D:/MCUXpresso/MCUXpressoIDE_24.12.148/ide/plugins/com.nxp.mcuxpresso.tools.win32_24.12.0.202407110909/tools/bin/../lib/gcc/arm-none-eabi/13.2.1/../../../../arm-none-eabi/lib/thumb/v8-m.main/nofp\libcr_c.a(_fdopen.o)
 .debug_abbrev  0x00002982       0xf1 D:/MCUXpresso/MCUXpressoIDE_24.12.148/ide/plugins/com.nxp.mcuxpresso.tools.win32_24.12.0.202407110909/tools/bin/../lib/gcc/arm-none-eabi/13.2.1/../../../../arm-none-eabi/lib/thumb/v8-m.main/nofp\libcr_c.a(_fflush.o)
 .debug_abbrev  0x00002a73      0x126 D:/MCUXpresso/MCUXpressoIDE_24.12.148/ide/plugins/com.nxp.mcuxpresso.tools.win32_24.12.0.202407110909/tools/bin/../lib/gcc/arm-none-eabi/13.2.1/../../../../arm-none-eabi/lib/thumb/v8-m.main/nofp\libcr_c.a(_writebuf.o)
 .debug_abbrev  0x00002b99      0x155 D:/MCUXpresso/MCUXpressoIDE_24.12.148/ide/plugins/com.nxp.mcuxpresso.tools.win32_24.12.0.202407110909/tools/bin/../lib/gcc/arm-none-eabi/13.2.1/../../../../arm-none-eabi/lib/thumb/v8-m.main/nofp\libcr_c.a(fclose.o)
 .debug_abbrev  0x00002cee      0x125 D:/MCUXpresso/MCUXpressoIDE_24.12.148/ide/plugins/com.nxp.mcuxpresso.tools.win32_24.12.0.202407110909/tools/bin/../lib/gcc/arm-none-eabi/13.2.1/../../../../arm-none-eabi/lib/thumb/v8-m.main/nofp\libcr_c.a(fflush.o)
 .debug_abbrev  0x00002e13      0x11b D:/MCUXpresso/MCUXpressoIDE_24.12.148/ide/plugins/com.nxp.mcuxpresso.tools.win32_24.12.0.202407110909/tools/bin/../lib/gcc/arm-none-eabi/13.2.1/../../../../arm-none-eabi/lib/thumb/v8-m.main/nofp\libcr_c.a(fseek.o)
 .debug_abbrev  0x00002f2e       0xc2 D:/MCUXpresso/MCUXpressoIDE_24.12.148/ide/plugins/com.nxp.mcuxpresso.tools.win32_24.12.0.202407110909/tools/bin/../lib/gcc/arm-none-eabi/13.2.1/../../../../arm-none-eabi/lib/thumb/v8-m.main/nofp\libcr_c.a(ftell.o)
 .debug_abbrev  0x00002ff0       0xfb D:/MCUXpresso/MCUXpressoIDE_24.12.148/ide/plugins/com.nxp.mcuxpresso.tools.win32_24.12.0.202407110909/tools/bin/../lib/gcc/arm-none-eabi/13.2.1/../../../../arm-none-eabi/lib/thumb/v8-m.main/nofp\libcr_c.a(remove.o)
 .debug_abbrev  0x000030eb      0x12c D:/MCUXpresso/MCUXpressoIDE_24.12.148/ide/plugins/com.nxp.mcuxpresso.tools.win32_24.12.0.202407110909/tools/bin/../lib/gcc/arm-none-eabi/13.2.1/../../../../arm-none-eabi/lib/thumb/v8-m.main/nofp\libcr_c.a(_do_fflush.o)
 .debug_abbrev  0x00003217       0xb5 D:/MCUXpresso/MCUXpressoIDE_24.12.148/ide/plugins/com.nxp.mcuxpresso.tools.win32_24.12.0.202407110909/tools/bin/../lib/gcc/arm-none-eabi/13.2.1/../../../../arm-none-eabi/lib/thumb/v8-m.main/nofp\libcr_nohost_nf.a(__ciob.o)
 .debug_abbrev  0x000032cc       0x5c D:/MCUXpresso/MCUXpressoIDE_24.12.148/ide/plugins/com.nxp.mcuxpresso.tools.win32_24.12.0.202407110909/tools/bin/../lib/gcc/arm-none-eabi/13.2.1/../../../../arm-none-eabi/lib/thumb/v8-m.main/nofp\libcr_nohost_nf.a(__sys_close.o)
 .debug_abbrev  0x00003328       0x5c D:/MCUXpresso/MCUXpressoIDE_24.12.148/ide/plugins/com.nxp.mcuxpresso.tools.win32_24.12.0.202407110909/tools/bin/../lib/gcc/arm-none-eabi/13.2.1/../../../../arm-none-eabi/lib/thumb/v8-m.main/nofp\libcr_nohost_nf.a(__sys_flen.o)
 .debug_abbrev  0x00003384       0x5c D:/MCUXpresso/MCUXpressoIDE_24.12.148/ide/plugins/com.nxp.mcuxpresso.tools.win32_24.12.0.202407110909/tools/bin/../lib/gcc/arm-none-eabi/13.2.1/../../../../arm-none-eabi/lib/thumb/v8-m.main/nofp\libcr_nohost_nf.a(__sys_istty.o)
 .debug_abbrev  0x000033e0       0x7d D:/MCUXpresso/MCUXpressoIDE_24.12.148/ide/plugins/com.nxp.mcuxpresso.tools.win32_24.12.0.202407110909/tools/bin/../lib/gcc/arm-none-eabi/13.2.1/../../../../arm-none-eabi/lib/thumb/v8-m.main/nofp\libcr_nohost_nf.a(__sys_remove.o)
 .debug_abbrev  0x0000345d       0x6d D:/MCUXpresso/MCUXpressoIDE_24.12.148/ide/plugins/com.nxp.mcuxpresso.tools.win32_24.12.0.202407110909/tools/bin/../lib/gcc/arm-none-eabi/13.2.1/../../../../arm-none-eabi/lib/thumb/v8-m.main/nofp\libcr_nohost_nf.a(__sys_seek.o)
 .debug_abbrev  0x000034ca       0x76 D:/MCUXpresso/MCUXpressoIDE_24.12.148/ide/plugins/com.nxp.mcuxpresso.tools.win32_24.12.0.202407110909/tools/bin/../lib/gcc/arm-none-eabi/13.2.1/../../../../arm-none-eabi/lib/thumb/v8-m.main/nofp\libcr_nohost_nf.a(__sys_tmpnam.o)
 .debug_abbrev  0x00003540       0x76 D:/MCUXpresso/MCUXpressoIDE_24.12.148/ide/plugins/com.nxp.mcuxpresso.tools.win32_24.12.0.202407110909/tools/bin/../lib/gcc/arm-none-eabi/13.2.1/../../../../arm-none-eabi/lib/thumb/v8-m.main/nofp\libcr_nohost_nf.a(__sys_write.o)

.debug_aranges  0x00000000      0xda8
 .debug_aranges
                0x00000000       0x78 ./utilities/debug_console_lite/fsl_debug_console.o
 .debug_aranges
                0x00000078       0x28 ./utilities/fsl_assert.o
 .debug_aranges
                0x000000a0       0x20 ./utilities/fsl_memcpy.o
 .debug_aranges
                0x000000c0      0x2e0 ./startup/startup_mcxa153.o
 .debug_aranges
                0x000003a0       0x68 ./source/gpio_input_interrupt.o
 .debug_aranges
                0x00000408       0x20 ./source/semihost_hardfault.o
 .debug_aranges
                0x00000428      0x168 ./drivers/fsl_clock.o
 .debug_aranges
                0x00000590       0x80 ./drivers/fsl_gpio.o
 .debug_aranges
                0x00000610      0x198 ./drivers/fsl_lpuart.o
 .debug_aranges
                0x000007a8       0x30 ./drivers/fsl_reset.o
 .debug_aranges
                0x000007d8      0x118 ./drivers/fsl_spc.o
 .debug_aranges
                0x000008f0       0x30 ./device/system_MCXA153.o
 .debug_aranges
                0x00000920       0x58 ./component/uart/fsl_adapter_lpuart.o
 .debug_aranges
                0x00000978       0x20 ./board/board.o
 .debug_aranges
                0x00000998       0x58 ./board/clock_config.o
 .debug_aranges
                0x000009f0       0x28 ./board/hardware_init.o
 .debug_aranges
                0x00000a18       0x48 ./board/pin_mux.o
 .debug_aranges
                0x00000a60       0x20 D:/MCUXpresso/MCUXpressoIDE_24.12.148/ide/plugins/com.nxp.mcuxpresso.tools.win32_24.12.0.202407110909/tools/bin/../lib/gcc/arm-none-eabi/13.2.1/../../../../arm-none-eabi/lib/thumb/v8-m.main/nofp\libcr_nohost_nf.a(_cr__main.o)
 .debug_aranges
                0x00000a80       0x20 D:/MCUXpresso/MCUXpressoIDE_24.12.148/ide/plugins/com.nxp.mcuxpresso.tools.win32_24.12.0.202407110909/tools/bin/../lib/gcc/arm-none-eabi/13.2.1/../../../../arm-none-eabi/lib/thumb/v8-m.main/nofp\libcr_c.a(memset.o)
 .debug_aranges
                0x00000aa0       0x40 D:/MCUXpresso/MCUXpressoIDE_24.12.148/ide/plugins/com.nxp.mcuxpresso.tools.win32_24.12.0.202407110909/tools/bin/../lib/gcc/arm-none-eabi/13.2.1/../../../../arm-none-eabi/lib/thumb/v8-m.main/nofp\libcr_c.a(alloc.o)
 .debug_aranges
                0x00000ae0       0x18 D:/MCUXpresso/MCUXpressoIDE_24.12.148/ide/plugins/com.nxp.mcuxpresso.tools.win32_24.12.0.202407110909/tools/bin/../lib/gcc/arm-none-eabi/13.2.1/../../../../arm-none-eabi/lib/thumb/v8-m.main/nofp\libcr_c.a(errno.o)
 .debug_aranges
                0x00000af8       0x28 D:/MCUXpresso/MCUXpressoIDE_24.12.148/ide/plugins/com.nxp.mcuxpresso.tools.win32_24.12.0.202407110909/tools/bin/../lib/gcc/arm-none-eabi/13.2.1/../../../../arm-none-eabi/lib/thumb/v8-m.main/nofp\libcr_c.a(initio.o)
 .debug_aranges
                0x00000b20       0x20 D:/MCUXpresso/MCUXpressoIDE_24.12.148/ide/plugins/com.nxp.mcuxpresso.tools.win32_24.12.0.202407110909/tools/bin/../lib/gcc/arm-none-eabi/13.2.1/../../../../arm-none-eabi/lib/thumb/v8-m.main/nofp\libcr_c.a(setvbuf.o)
 .debug_aranges
                0x00000b40       0x20 D:/MCUXpresso/MCUXpressoIDE_24.12.148/ide/plugins/com.nxp.mcuxpresso.tools.win32_24.12.0.202407110909/tools/bin/../lib/gcc/arm-none-eabi/13.2.1/../../../../arm-none-eabi/lib/thumb/v8-m.main/nofp\libcr_c.a(strlen.o)
 .debug_aranges
                0x00000b60       0x28 D:/MCUXpresso/MCUXpressoIDE_24.12.148/ide/plugins/com.nxp.mcuxpresso.tools.win32_24.12.0.202407110909/tools/bin/../lib/gcc/arm-none-eabi/13.2.1/../../../../arm-none-eabi/lib/thumb/v8-m.main/nofp\libcr_c.a(_deferredlazyseek.o)
 .debug_aranges
                0x00000b88       0x20 D:/MCUXpresso/MCUXpressoIDE_24.12.148/ide/plugins/com.nxp.mcuxpresso.tools.win32_24.12.0.202407110909/tools/bin/../lib/gcc/arm-none-eabi/13.2.1/../../../../arm-none-eabi/lib/thumb/v8-m.main/nofp\libcr_c.a(_fdopen.o)
 .debug_aranges
                0x00000ba8       0x20 D:/MCUXpresso/MCUXpressoIDE_24.12.148/ide/plugins/com.nxp.mcuxpresso.tools.win32_24.12.0.202407110909/tools/bin/../lib/gcc/arm-none-eabi/13.2.1/../../../../arm-none-eabi/lib/thumb/v8-m.main/nofp\libcr_c.a(_fflush.o)
 .debug_aranges
                0x00000bc8       0x20 D:/MCUXpresso/MCUXpressoIDE_24.12.148/ide/plugins/com.nxp.mcuxpresso.tools.win32_24.12.0.202407110909/tools/bin/../lib/gcc/arm-none-eabi/13.2.1/../../../../arm-none-eabi/lib/thumb/v8-m.main/nofp\libcr_c.a(_writebuf.o)
 .debug_aranges
                0x00000be8       0x20 D:/MCUXpresso/MCUXpressoIDE_24.12.148/ide/plugins/com.nxp.mcuxpresso.tools.win32_24.12.0.202407110909/tools/bin/../lib/gcc/arm-none-eabi/13.2.1/../../../../arm-none-eabi/lib/thumb/v8-m.main/nofp\libcr_c.a(fclose.o)
 .debug_aranges
                0x00000c08       0x20 D:/MCUXpresso/MCUXpressoIDE_24.12.148/ide/plugins/com.nxp.mcuxpresso.tools.win32_24.12.0.202407110909/tools/bin/../lib/gcc/arm-none-eabi/13.2.1/../../../../arm-none-eabi/lib/thumb/v8-m.main/nofp\libcr_c.a(fflush.o)
 .debug_aranges
                0x00000c28       0x20 D:/MCUXpresso/MCUXpressoIDE_24.12.148/ide/plugins/com.nxp.mcuxpresso.tools.win32_24.12.0.202407110909/tools/bin/../lib/gcc/arm-none-eabi/13.2.1/../../../../arm-none-eabi/lib/thumb/v8-m.main/nofp\libcr_c.a(fseek.o)
 .debug_aranges
                0x00000c48       0x20 D:/MCUXpresso/MCUXpressoIDE_24.12.148/ide/plugins/com.nxp.mcuxpresso.tools.win32_24.12.0.202407110909/tools/bin/../lib/gcc/arm-none-eabi/13.2.1/../../../../arm-none-eabi/lib/thumb/v8-m.main/nofp\libcr_c.a(ftell.o)
 .debug_aranges
                0x00000c68       0x28 D:/MCUXpresso/MCUXpressoIDE_24.12.148/ide/plugins/com.nxp.mcuxpresso.tools.win32_24.12.0.202407110909/tools/bin/../lib/gcc/arm-none-eabi/13.2.1/../../../../arm-none-eabi/lib/thumb/v8-m.main/nofp\libcr_c.a(remove.o)
 .debug_aranges
                0x00000c90       0x20 D:/MCUXpresso/MCUXpressoIDE_24.12.148/ide/plugins/com.nxp.mcuxpresso.tools.win32_24.12.0.202407110909/tools/bin/../lib/gcc/arm-none-eabi/13.2.1/../../../../arm-none-eabi/lib/thumb/v8-m.main/nofp\libcr_c.a(_do_fflush.o)
 .debug_aranges
                0x00000cb0       0x18 D:/MCUXpresso/MCUXpressoIDE_24.12.148/ide/plugins/com.nxp.mcuxpresso.tools.win32_24.12.0.202407110909/tools/bin/../lib/gcc/arm-none-eabi/13.2.1/../../../../arm-none-eabi/lib/thumb/v8-m.main/nofp\libcr_nohost_nf.a(__ciob.o)
 .debug_aranges
                0x00000cc8       0x20 D:/MCUXpresso/MCUXpressoIDE_24.12.148/ide/plugins/com.nxp.mcuxpresso.tools.win32_24.12.0.202407110909/tools/bin/../lib/gcc/arm-none-eabi/13.2.1/../../../../arm-none-eabi/lib/thumb/v8-m.main/nofp\libcr_nohost_nf.a(__sys_close.o)
 .debug_aranges
                0x00000ce8       0x20 D:/MCUXpresso/MCUXpressoIDE_24.12.148/ide/plugins/com.nxp.mcuxpresso.tools.win32_24.12.0.202407110909/tools/bin/../lib/gcc/arm-none-eabi/13.2.1/../../../../arm-none-eabi/lib/thumb/v8-m.main/nofp\libcr_nohost_nf.a(__sys_flen.o)
 .debug_aranges
                0x00000d08       0x20 D:/MCUXpresso/MCUXpressoIDE_24.12.148/ide/plugins/com.nxp.mcuxpresso.tools.win32_24.12.0.202407110909/tools/bin/../lib/gcc/arm-none-eabi/13.2.1/../../../../arm-none-eabi/lib/thumb/v8-m.main/nofp\libcr_nohost_nf.a(__sys_istty.o)
 .debug_aranges
                0x00000d28       0x20 D:/MCUXpresso/MCUXpressoIDE_24.12.148/ide/plugins/com.nxp.mcuxpresso.tools.win32_24.12.0.202407110909/tools/bin/../lib/gcc/arm-none-eabi/13.2.1/../../../../arm-none-eabi/lib/thumb/v8-m.main/nofp\libcr_nohost_nf.a(__sys_remove.o)
 .debug_aranges
                0x00000d48       0x20 D:/MCUXpresso/MCUXpressoIDE_24.12.148/ide/plugins/com.nxp.mcuxpresso.tools.win32_24.12.0.202407110909/tools/bin/../lib/gcc/arm-none-eabi/13.2.1/../../../../arm-none-eabi/lib/thumb/v8-m.main/nofp\libcr_nohost_nf.a(__sys_seek.o)
 .debug_aranges
                0x00000d68       0x20 D:/MCUXpresso/MCUXpressoIDE_24.12.148/ide/plugins/com.nxp.mcuxpresso.tools.win32_24.12.0.202407110909/tools/bin/../lib/gcc/arm-none-eabi/13.2.1/../../../../arm-none-eabi/lib/thumb/v8-m.main/nofp\libcr_nohost_nf.a(__sys_tmpnam.o)
 .debug_aranges
                0x00000d88       0x20 D:/MCUXpresso/MCUXpressoIDE_24.12.148/ide/plugins/com.nxp.mcuxpresso.tools.win32_24.12.0.202407110909/tools/bin/../lib/gcc/arm-none-eabi/13.2.1/../../../../arm-none-eabi/lib/thumb/v8-m.main/nofp\libcr_nohost_nf.a(__sys_write.o)

.debug_ranges   0x00000000      0xb48
 .debug_ranges  0x00000000       0x68 ./utilities/debug_console_lite/fsl_debug_console.o
 .debug_ranges  0x00000068       0x18 ./utilities/fsl_assert.o
 .debug_ranges  0x00000080      0x2d0 ./startup/startup_mcxa153.o
 .debug_ranges  0x00000350       0x58 ./source/gpio_input_interrupt.o
 .debug_ranges  0x000003a8       0x10 ./source/semihost_hardfault.o
 .debug_ranges  0x000003b8      0x158 ./drivers/fsl_clock.o
 .debug_ranges  0x00000510       0x70 ./drivers/fsl_gpio.o
 .debug_ranges  0x00000580      0x188 ./drivers/fsl_lpuart.o
 .debug_ranges  0x00000708       0x20 ./drivers/fsl_reset.o
 .debug_ranges  0x00000728      0x108 ./drivers/fsl_spc.o
 .debug_ranges  0x00000830       0x20 ./device/system_MCXA153.o
 .debug_ranges  0x00000850       0x48 ./component/uart/fsl_adapter_lpuart.o
 .debug_ranges  0x00000898       0x10 ./board/board.o
 .debug_ranges  0x000008a8       0x48 ./board/clock_config.o
 .debug_ranges  0x000008f0       0x18 ./board/hardware_init.o
 .debug_ranges  0x00000908       0x38 ./board/pin_mux.o
 .debug_ranges  0x00000940       0x10 D:/MCUXpresso/MCUXpressoIDE_24.12.148/ide/plugins/com.nxp.mcuxpresso.tools.win32_24.12.0.202407110909/tools/bin/../lib/gcc/arm-none-eabi/13.2.1/../../../../arm-none-eabi/lib/thumb/v8-m.main/nofp\libcr_nohost_nf.a(_cr__main.o)
 .debug_ranges  0x00000950       0x10 D:/MCUXpresso/MCUXpressoIDE_24.12.148/ide/plugins/com.nxp.mcuxpresso.tools.win32_24.12.0.202407110909/tools/bin/../lib/gcc/arm-none-eabi/13.2.1/../../../../arm-none-eabi/lib/thumb/v8-m.main/nofp\libcr_c.a(memset.o)
 .debug_ranges  0x00000960       0x48 D:/MCUXpresso/MCUXpressoIDE_24.12.148/ide/plugins/com.nxp.mcuxpresso.tools.win32_24.12.0.202407110909/tools/bin/../lib/gcc/arm-none-eabi/13.2.1/../../../../arm-none-eabi/lib/thumb/v8-m.main/nofp\libcr_c.a(alloc.o)
 .debug_ranges  0x000009a8       0x18 D:/MCUXpresso/MCUXpressoIDE_24.12.148/ide/plugins/com.nxp.mcuxpresso.tools.win32_24.12.0.202407110909/tools/bin/../lib/gcc/arm-none-eabi/13.2.1/../../../../arm-none-eabi/lib/thumb/v8-m.main/nofp\libcr_c.a(initio.o)
 .debug_ranges  0x000009c0       0x10 D:/MCUXpresso/MCUXpressoIDE_24.12.148/ide/plugins/com.nxp.mcuxpresso.tools.win32_24.12.0.202407110909/tools/bin/../lib/gcc/arm-none-eabi/13.2.1/../../../../arm-none-eabi/lib/thumb/v8-m.main/nofp\libcr_c.a(setvbuf.o)
 .debug_ranges  0x000009d0       0x10 D:/MCUXpresso/MCUXpressoIDE_24.12.148/ide/plugins/com.nxp.mcuxpresso.tools.win32_24.12.0.202407110909/tools/bin/../lib/gcc/arm-none-eabi/13.2.1/../../../../arm-none-eabi/lib/thumb/v8-m.main/nofp\libcr_c.a(strlen.o)
 .debug_ranges  0x000009e0       0x30 D:/MCUXpresso/MCUXpressoIDE_24.12.148/ide/plugins/com.nxp.mcuxpresso.tools.win32_24.12.0.202407110909/tools/bin/../lib/gcc/arm-none-eabi/13.2.1/../../../../arm-none-eabi/lib/thumb/v8-m.main/nofp\libcr_c.a(_deferredlazyseek.o)
 .debug_ranges  0x00000a10       0x10 D:/MCUXpresso/MCUXpressoIDE_24.12.148/ide/plugins/com.nxp.mcuxpresso.tools.win32_24.12.0.202407110909/tools/bin/../lib/gcc/arm-none-eabi/13.2.1/../../../../arm-none-eabi/lib/thumb/v8-m.main/nofp\libcr_c.a(_fdopen.o)
 .debug_ranges  0x00000a20       0x10 D:/MCUXpresso/MCUXpressoIDE_24.12.148/ide/plugins/com.nxp.mcuxpresso.tools.win32_24.12.0.202407110909/tools/bin/../lib/gcc/arm-none-eabi/13.2.1/../../../../arm-none-eabi/lib/thumb/v8-m.main/nofp\libcr_c.a(_fflush.o)
 .debug_ranges  0x00000a30       0x10 D:/MCUXpresso/MCUXpressoIDE_24.12.148/ide/plugins/com.nxp.mcuxpresso.tools.win32_24.12.0.202407110909/tools/bin/../lib/gcc/arm-none-eabi/13.2.1/../../../../arm-none-eabi/lib/thumb/v8-m.main/nofp\libcr_c.a(_writebuf.o)
 .debug_ranges  0x00000a40       0x10 D:/MCUXpresso/MCUXpressoIDE_24.12.148/ide/plugins/com.nxp.mcuxpresso.tools.win32_24.12.0.202407110909/tools/bin/../lib/gcc/arm-none-eabi/13.2.1/../../../../arm-none-eabi/lib/thumb/v8-m.main/nofp\libcr_c.a(fclose.o)
 .debug_ranges  0x00000a50       0x28 D:/MCUXpresso/MCUXpressoIDE_24.12.148/ide/plugins/com.nxp.mcuxpresso.tools.win32_24.12.0.202407110909/tools/bin/../lib/gcc/arm-none-eabi/13.2.1/../../../../arm-none-eabi/lib/thumb/v8-m.main/nofp\libcr_c.a(fflush.o)
 .debug_ranges  0x00000a78       0x10 D:/MCUXpresso/MCUXpressoIDE_24.12.148/ide/plugins/com.nxp.mcuxpresso.tools.win32_24.12.0.202407110909/tools/bin/../lib/gcc/arm-none-eabi/13.2.1/../../../../arm-none-eabi/lib/thumb/v8-m.main/nofp\libcr_c.a(fseek.o)
 .debug_ranges  0x00000a88       0x10 D:/MCUXpresso/MCUXpressoIDE_24.12.148/ide/plugins/com.nxp.mcuxpresso.tools.win32_24.12.0.202407110909/tools/bin/../lib/gcc/arm-none-eabi/13.2.1/../../../../arm-none-eabi/lib/thumb/v8-m.main/nofp\libcr_c.a(ftell.o)
 .debug_ranges  0x00000a98       0x18 D:/MCUXpresso/MCUXpressoIDE_24.12.148/ide/plugins/com.nxp.mcuxpresso.tools.win32_24.12.0.202407110909/tools/bin/../lib/gcc/arm-none-eabi/13.2.1/../../../../arm-none-eabi/lib/thumb/v8-m.main/nofp\libcr_c.a(remove.o)
 .debug_ranges  0x00000ab0       0x28 D:/MCUXpresso/MCUXpressoIDE_24.12.148/ide/plugins/com.nxp.mcuxpresso.tools.win32_24.12.0.202407110909/tools/bin/../lib/gcc/arm-none-eabi/13.2.1/../../../../arm-none-eabi/lib/thumb/v8-m.main/nofp\libcr_c.a(_do_fflush.o)
 .debug_ranges  0x00000ad8       0x10 D:/MCUXpresso/MCUXpressoIDE_24.12.148/ide/plugins/com.nxp.mcuxpresso.tools.win32_24.12.0.202407110909/tools/bin/../lib/gcc/arm-none-eabi/13.2.1/../../../../arm-none-eabi/lib/thumb/v8-m.main/nofp\libcr_nohost_nf.a(__sys_close.o)
 .debug_ranges  0x00000ae8       0x10 D:/MCUXpresso/MCUXpressoIDE_24.12.148/ide/plugins/com.nxp.mcuxpresso.tools.win32_24.12.0.202407110909/tools/bin/../lib/gcc/arm-none-eabi/13.2.1/../../../../arm-none-eabi/lib/thumb/v8-m.main/nofp\libcr_nohost_nf.a(__sys_flen.o)
 .debug_ranges  0x00000af8       0x10 D:/MCUXpresso/MCUXpressoIDE_24.12.148/ide/plugins/com.nxp.mcuxpresso.tools.win32_24.12.0.202407110909/tools/bin/../lib/gcc/arm-none-eabi/13.2.1/../../../../arm-none-eabi/lib/thumb/v8-m.main/nofp\libcr_nohost_nf.a(__sys_istty.o)
 .debug_ranges  0x00000b08       0x10 D:/MCUXpresso/MCUXpressoIDE_24.12.148/ide/plugins/com.nxp.mcuxpresso.tools.win32_24.12.0.202407110909/tools/bin/../lib/gcc/arm-none-eabi/13.2.1/../../../../arm-none-eabi/lib/thumb/v8-m.main/nofp\libcr_nohost_nf.a(__sys_remove.o)
 .debug_ranges  0x00000b18       0x10 D:/MCUXpresso/MCUXpressoIDE_24.12.148/ide/plugins/com.nxp.mcuxpresso.tools.win32_24.12.0.202407110909/tools/bin/../lib/gcc/arm-none-eabi/13.2.1/../../../../arm-none-eabi/lib/thumb/v8-m.main/nofp\libcr_nohost_nf.a(__sys_seek.o)
 .debug_ranges  0x00000b28       0x10 D:/MCUXpresso/MCUXpressoIDE_24.12.148/ide/plugins/com.nxp.mcuxpresso.tools.win32_24.12.0.202407110909/tools/bin/../lib/gcc/arm-none-eabi/13.2.1/../../../../arm-none-eabi/lib/thumb/v8-m.main/nofp\libcr_nohost_nf.a(__sys_tmpnam.o)
 .debug_ranges  0x00000b38       0x10 D:/MCUXpresso/MCUXpressoIDE_24.12.148/ide/plugins/com.nxp.mcuxpresso.tools.win32_24.12.0.202407110909/tools/bin/../lib/gcc/arm-none-eabi/13.2.1/../../../../arm-none-eabi/lib/thumb/v8-m.main/nofp\libcr_nohost_nf.a(__sys_write.o)

.debug_macro    0x00000000     0x3791
 .debug_macro   0x00000000      0x2fd ./utilities/debug_console_lite/fsl_debug_console.o
 .debug_macro   0x000002fd       0x16 ./utilities/debug_console_lite/fsl_debug_console.o
 .debug_macro   0x00000313       0x10 ./utilities/debug_console_lite/fsl_debug_console.o
 .debug_macro   0x00000323       0xc4 ./utilities/debug_console_lite/fsl_debug_console.o
 .debug_macro   0x000003e7       0x16 ./utilities/debug_console_lite/fsl_debug_console.o
 .debug_macro   0x000003fd       0x34 ./utilities/debug_console_lite/fsl_debug_console.o
 .debug_macro   0x00000431       0x47 ./utilities/debug_console_lite/fsl_debug_console.o
 .debug_macro   0x00000478      0x2d7 ./utilities/fsl_assert.o
 .debug_macro   0x0000074f       0x1c ./utilities/fsl_assert.o
 .debug_macro   0x0000076b       0x22 ./utilities/fsl_assert.o
 .debug_macro   0x0000078d       0x1c ./utilities/fsl_assert.o
 .debug_macro   0x000007a9       0x32 ./startup/startup_mcxa153.o
 .debug_macro   0x000007db      0x331 ./source/gpio_input_interrupt.o
 .debug_macro   0x00000b0c       0x16 ./source/gpio_input_interrupt.o
 .debug_macro   0x00000b22       0x16 ./source/gpio_input_interrupt.o
 .debug_macro   0x00000b38      0x5af ./source/gpio_input_interrupt.o
 .debug_macro   0x000010e7      0x100 ./source/gpio_input_interrupt.o
 .debug_macro   0x000011e7       0x2e ./source/gpio_input_interrupt.o
 .debug_macro   0x00001215       0x64 ./source/gpio_input_interrupt.o
 .debug_macro   0x00001279       0x1a ./source/semihost_hardfault.o
 .debug_macro   0x00001293      0x2bc ./drivers/fsl_clock.o
 .debug_macro   0x0000154f      0x2d1 ./drivers/fsl_gpio.o
 .debug_macro   0x00001820       0x10 ./drivers/fsl_gpio.o
 .debug_macro   0x00001830      0x2d1 ./drivers/fsl_lpuart.o
 .debug_macro   0x00001b01       0x10 ./drivers/fsl_lpuart.o
 .debug_macro   0x00001b11      0x2c8 ./drivers/fsl_reset.o
 .debug_macro   0x00001dd9      0x2cb ./drivers/fsl_spc.o
 .debug_macro   0x000020a4       0x2e ./drivers/fsl_spc.o
 .debug_macro   0x000020d2      0x229 ./device/system_MCXA153.o
 .debug_macro   0x000022fb      0x2ea ./component/uart/fsl_adapter_lpuart.o
 .debug_macro   0x000025e5       0x41 ./component/uart/fsl_adapter_lpuart.o
 .debug_macro   0x00002626      0x2fd ./board/board.o
 .debug_macro   0x00002923      0x2d2 ./board/clock_config.o
 .debug_macro   0x00002bf5      0x5a9 ./board/clock_config.o
 .debug_macro   0x0000319e       0x34 ./board/clock_config.o
 .debug_macro   0x000031d2      0x2ee ./board/hardware_init.o
 .debug_macro   0x000034c0      0x2d1 ./board/pin_mux.o

.debug_line     0x00000000     0xc6fb
 .debug_line    0x00000000      0xc3a ./utilities/debug_console_lite/fsl_debug_console.o
 .debug_line    0x00000c3a      0x79d ./utilities/fsl_assert.o
 .debug_line    0x000013d7       0x89 ./utilities/fsl_memcpy.o
 .debug_line    0x00001460      0x944 ./startup/startup_mcxa153.o
 .debug_line    0x00001da4      0x9ed ./source/gpio_input_interrupt.o
 .debug_line    0x00002791       0x9e ./source/semihost_hardfault.o
 .debug_line    0x0000282f     0x15c3 ./drivers/fsl_clock.o
 .debug_line    0x00003df2      0x925 ./drivers/fsl_gpio.o
 .debug_line    0x00004717     0x1995 ./drivers/fsl_lpuart.o
 .debug_line    0x000060ac      0x7a5 ./drivers/fsl_reset.o
 .debug_line    0x00006851      0xe1a ./drivers/fsl_spc.o
 .debug_line    0x0000766b      0x709 ./device/system_MCXA153.o
 .debug_line    0x00007d74      0x8f2 ./component/uart/fsl_adapter_lpuart.o
 .debug_line    0x00008666      0x79b ./board/board.o
 .debug_line    0x00008e01      0xa1a ./board/clock_config.o
 .debug_line    0x0000981b      0x788 ./board/hardware_init.o
 .debug_line    0x00009fa3      0x847 ./board/pin_mux.o
 .debug_line    0x0000a7ea       0xc4 D:/MCUXpresso/MCUXpressoIDE_24.12.148/ide/plugins/com.nxp.mcuxpresso.tools.win32_24.12.0.202407110909/tools/bin/../lib/gcc/arm-none-eabi/13.2.1/../../../../arm-none-eabi/lib/thumb/v8-m.main/nofp\libcr_nohost_nf.a(_cr__main.o)
 .debug_line    0x0000a8ae       0xb3 D:/MCUXpresso/MCUXpressoIDE_24.12.148/ide/plugins/com.nxp.mcuxpresso.tools.win32_24.12.0.202407110909/tools/bin/../lib/gcc/arm-none-eabi/13.2.1/../../../../arm-none-eabi/lib/thumb/v8-m.main/nofp\libcr_c.a(memset.o)
 .debug_line    0x0000a961      0x3ed D:/MCUXpresso/MCUXpressoIDE_24.12.148/ide/plugins/com.nxp.mcuxpresso.tools.win32_24.12.0.202407110909/tools/bin/../lib/gcc/arm-none-eabi/13.2.1/../../../../arm-none-eabi/lib/thumb/v8-m.main/nofp\libcr_c.a(alloc.o)
 .debug_line    0x0000ad4e       0x86 D:/MCUXpresso/MCUXpressoIDE_24.12.148/ide/plugins/com.nxp.mcuxpresso.tools.win32_24.12.0.202407110909/tools/bin/../lib/gcc/arm-none-eabi/13.2.1/../../../../arm-none-eabi/lib/thumb/v8-m.main/nofp\libcr_c.a(errno.o)
 .debug_line    0x0000add4      0x1b9 D:/MCUXpresso/MCUXpressoIDE_24.12.148/ide/plugins/com.nxp.mcuxpresso.tools.win32_24.12.0.202407110909/tools/bin/../lib/gcc/arm-none-eabi/13.2.1/../../../../arm-none-eabi/lib/thumb/v8-m.main/nofp\libcr_c.a(initio.o)
 .debug_line    0x0000af8d      0x15c D:/MCUXpresso/MCUXpressoIDE_24.12.148/ide/plugins/com.nxp.mcuxpresso.tools.win32_24.12.0.202407110909/tools/bin/../lib/gcc/arm-none-eabi/13.2.1/../../../../arm-none-eabi/lib/thumb/v8-m.main/nofp\libcr_c.a(setvbuf.o)
 .debug_line    0x0000b0e9      0x141 D:/MCUXpresso/MCUXpressoIDE_24.12.148/ide/plugins/com.nxp.mcuxpresso.tools.win32_24.12.0.202407110909/tools/bin/../lib/gcc/arm-none-eabi/13.2.1/../../../../arm-none-eabi/lib/thumb/v8-m.main/nofp\libcr_c.a(strlen.o)
 .debug_line    0x0000b22a      0x359 D:/MCUXpresso/MCUXpressoIDE_24.12.148/ide/plugins/com.nxp.mcuxpresso.tools.win32_24.12.0.202407110909/tools/bin/../lib/gcc/arm-none-eabi/13.2.1/../../../../arm-none-eabi/lib/thumb/v8-m.main/nofp\libcr_c.a(_deferredlazyseek.o)
 .debug_line    0x0000b583      0x18c D:/MCUXpresso/MCUXpressoIDE_24.12.148/ide/plugins/com.nxp.mcuxpresso.tools.win32_24.12.0.202407110909/tools/bin/../lib/gcc/arm-none-eabi/13.2.1/../../../../arm-none-eabi/lib/thumb/v8-m.main/nofp\libcr_c.a(_fdopen.o)
 .debug_line    0x0000b70f      0x18f D:/MCUXpresso/MCUXpressoIDE_24.12.148/ide/plugins/com.nxp.mcuxpresso.tools.win32_24.12.0.202407110909/tools/bin/../lib/gcc/arm-none-eabi/13.2.1/../../../../arm-none-eabi/lib/thumb/v8-m.main/nofp\libcr_c.a(_fflush.o)
 .debug_line    0x0000b89e      0x19d D:/MCUXpresso/MCUXpressoIDE_24.12.148/ide/plugins/com.nxp.mcuxpresso.tools.win32_24.12.0.202407110909/tools/bin/../lib/gcc/arm-none-eabi/13.2.1/../../../../arm-none-eabi/lib/thumb/v8-m.main/nofp\libcr_c.a(_writebuf.o)
 .debug_line    0x0000ba3b      0x17f D:/MCUXpresso/MCUXpressoIDE_24.12.148/ide/plugins/com.nxp.mcuxpresso.tools.win32_24.12.0.202407110909/tools/bin/../lib/gcc/arm-none-eabi/13.2.1/../../../../arm-none-eabi/lib/thumb/v8-m.main/nofp\libcr_c.a(fclose.o)
 .debug_line    0x0000bbba      0x151 D:/MCUXpresso/MCUXpressoIDE_24.12.148/ide/plugins/com.nxp.mcuxpresso.tools.win32_24.12.0.202407110909/tools/bin/../lib/gcc/arm-none-eabi/13.2.1/../../../../arm-none-eabi/lib/thumb/v8-m.main/nofp\libcr_c.a(fflush.o)
 .debug_line    0x0000bd0b      0x2a2 D:/MCUXpresso/MCUXpressoIDE_24.12.148/ide/plugins/com.nxp.mcuxpresso.tools.win32_24.12.0.202407110909/tools/bin/../lib/gcc/arm-none-eabi/13.2.1/../../../../arm-none-eabi/lib/thumb/v8-m.main/nofp\libcr_c.a(fseek.o)
 .debug_line    0x0000bfad      0x17a D:/MCUXpresso/MCUXpressoIDE_24.12.148/ide/plugins/com.nxp.mcuxpresso.tools.win32_24.12.0.202407110909/tools/bin/../lib/gcc/arm-none-eabi/13.2.1/../../../../arm-none-eabi/lib/thumb/v8-m.main/nofp\libcr_c.a(ftell.o)
 .debug_line    0x0000c127      0x15c D:/MCUXpresso/MCUXpressoIDE_24.12.148/ide/plugins/com.nxp.mcuxpresso.tools.win32_24.12.0.202407110909/tools/bin/../lib/gcc/arm-none-eabi/13.2.1/../../../../arm-none-eabi/lib/thumb/v8-m.main/nofp\libcr_c.a(remove.o)
 .debug_line    0x0000c283      0x16c D:/MCUXpresso/MCUXpressoIDE_24.12.148/ide/plugins/com.nxp.mcuxpresso.tools.win32_24.12.0.202407110909/tools/bin/../lib/gcc/arm-none-eabi/13.2.1/../../../../arm-none-eabi/lib/thumb/v8-m.main/nofp\libcr_c.a(_do_fflush.o)
 .debug_line    0x0000c3ef       0xea D:/MCUXpresso/MCUXpressoIDE_24.12.148/ide/plugins/com.nxp.mcuxpresso.tools.win32_24.12.0.202407110909/tools/bin/../lib/gcc/arm-none-eabi/13.2.1/../../../../arm-none-eabi/lib/thumb/v8-m.main/nofp\libcr_nohost_nf.a(__ciob.o)
 .debug_line    0x0000c4d9       0x4e D:/MCUXpresso/MCUXpressoIDE_24.12.148/ide/plugins/com.nxp.mcuxpresso.tools.win32_24.12.0.202407110909/tools/bin/../lib/gcc/arm-none-eabi/13.2.1/../../../../arm-none-eabi/lib/thumb/v8-m.main/nofp\libcr_nohost_nf.a(__sys_close.o)
 .debug_line    0x0000c527       0x4d D:/MCUXpresso/MCUXpressoIDE_24.12.148/ide/plugins/com.nxp.mcuxpresso.tools.win32_24.12.0.202407110909/tools/bin/../lib/gcc/arm-none-eabi/13.2.1/../../../../arm-none-eabi/lib/thumb/v8-m.main/nofp\libcr_nohost_nf.a(__sys_flen.o)
 .debug_line    0x0000c574       0x4e D:/MCUXpresso/MCUXpressoIDE_24.12.148/ide/plugins/com.nxp.mcuxpresso.tools.win32_24.12.0.202407110909/tools/bin/../lib/gcc/arm-none-eabi/13.2.1/../../../../arm-none-eabi/lib/thumb/v8-m.main/nofp\libcr_nohost_nf.a(__sys_istty.o)
 .debug_line    0x0000c5c2       0x4f D:/MCUXpresso/MCUXpressoIDE_24.12.148/ide/plugins/com.nxp.mcuxpresso.tools.win32_24.12.0.202407110909/tools/bin/../lib/gcc/arm-none-eabi/13.2.1/../../../../arm-none-eabi/lib/thumb/v8-m.main/nofp\libcr_nohost_nf.a(__sys_remove.o)
 .debug_line    0x0000c611       0x4d D:/MCUXpresso/MCUXpressoIDE_24.12.148/ide/plugins/com.nxp.mcuxpresso.tools.win32_24.12.0.202407110909/tools/bin/../lib/gcc/arm-none-eabi/13.2.1/../../../../arm-none-eabi/lib/thumb/v8-m.main/nofp\libcr_nohost_nf.a(__sys_seek.o)