D:\MCUXpresso\CODE\bai5_gpio_input_interrupt\CMSIS/core_cm33.h:2358:22:__NVIC_EnableIRQ	16	static
D:\MCUXpresso\CODE\bai5_gpio_input_interrupt\CMSIS/core_cm33.h:2555:22:__NVIC_SetPriority	16	static
D:\MCUXpresso\CODE\bai5_gpio_input_interrupt\CMSIS/core_cm33.h:3108:26:SysTick_Config	16	static
D:\MCUXpresso\CODE\bai5_gpio_input_interrupt\drivers/fsl_common_arm.h:667:24:EnableIRQ	24	static
D:\MCUXpresso\CODE\bai5_gpio_input_interrupt\drivers/fsl_gpio.h:345:20:GPIO_PinWrite	24	static
D:\MCUXpresso\CODE\bai5_gpio_input_interrupt\drivers/fsl_gpio.h:482:20:GPIO_SetPinInterruptConfig	24	static
../source/gpio_input_interrupt.c:48:6:GPIO3_IRQHandler	8	static
../source/gpio_input_interrupt.c:67:6:delay_us	24	static
../source/gpio_input_interrupt.c:78:6:SysTick_Handler	8	static
../source/gpio_input_interrupt.c:108:5:main	16	static
